Archive member included because of file (symbol)

/home/kranzrm/workspace/MEGA2560_SerialRead/libcore.a(wiring_digital.c.o)
                              ./Servo.o (pinMode)
/home/kranzrm/workspace/MEGA2560_SerialRead/libcore.a(wiring.c.o)
                              ./main.o (init)
/home/kranzrm/workspace/MEGA2560_SerialRead/libcore.a(Print.cpp.o)
                              ./main.o (_ZN5Print5printEPKc)
/home/kranzrm/workspace/MEGA2560_SerialRead/libcore.a(new.cpp.o)
                              /home/kranzrm/workspace/MEGA2560_SerialRead/libcore.a(Print.cpp.o) (__cxa_pure_virtual)
/home/kranzrm/workspace/MEGA2560_SerialRead/libcore.a(Stream.cpp.o)
                              ./main.o (_ZN6Stream10setTimeoutEm)
/home/kranzrm/workspace/MEGA2560_SerialRead/libcore.a(WMath.cpp.o)
                              ./Servo.o (_Z3maplllll)
/home/kranzrm/workspace/MEGA2560_SerialRead/libcore.a(HardwareSerial.cpp.o)
                              ./main.o (Serial)
/home/kranzrm/workspace/MEGA2560_SerialRead/libcore.a(WString.cpp.o)
                              /home/kranzrm/workspace/MEGA2560_SerialRead/libcore.a(Print.cpp.o) (_ZNK6StringixEj)
/usr/lib/gcc/avr/4.5.3/../../../avr/lib/avr6/libm.a(addsf3.o)
                              /home/kranzrm/workspace/MEGA2560_SerialRead/libcore.a(Print.cpp.o) (__subsf3)
/usr/lib/gcc/avr/4.5.3/../../../avr/lib/avr6/libm.a(addsf3x.o)
                              /usr/lib/gcc/avr/4.5.3/../../../avr/lib/avr6/libm.a(addsf3.o) (__addsf3x)
/usr/lib/gcc/avr/4.5.3/../../../avr/lib/avr6/libm.a(cmpsf2.o)
                              /home/kranzrm/workspace/MEGA2560_SerialRead/libcore.a(Print.cpp.o) (__ltsf2)
/usr/lib/gcc/avr/4.5.3/../../../avr/lib/avr6/libm.a(divsf3.o)
                              /home/kranzrm/workspace/MEGA2560_SerialRead/libcore.a(Print.cpp.o) (__divsf3)
/usr/lib/gcc/avr/4.5.3/../../../avr/lib/avr6/libm.a(divsf3x.o)
                              /usr/lib/gcc/avr/4.5.3/../../../avr/lib/avr6/libm.a(divsf3.o) (__divsf3x)
/usr/lib/gcc/avr/4.5.3/../../../avr/lib/avr6/libm.a(fixsfsi.o)
                              /home/kranzrm/workspace/MEGA2560_SerialRead/libcore.a(Print.cpp.o) (__fixsfsi)
/usr/lib/gcc/avr/4.5.3/../../../avr/lib/avr6/libm.a(fixunssfsi.o)
                              /home/kranzrm/workspace/MEGA2560_SerialRead/libcore.a(Print.cpp.o) (__fixunssfsi)
/usr/lib/gcc/avr/4.5.3/../../../avr/lib/avr6/libm.a(floatsisf.o)
                              /home/kranzrm/workspace/MEGA2560_SerialRead/libcore.a(Print.cpp.o) (__floatunsisf)
/usr/lib/gcc/avr/4.5.3/../../../avr/lib/avr6/libm.a(fp_cmp.o)
                              /usr/lib/gcc/avr/4.5.3/../../../avr/lib/avr6/libm.a(cmpsf2.o) (__fp_cmp)
/usr/lib/gcc/avr/4.5.3/../../../avr/lib/avr6/libm.a(fp_inf.o)
                              /usr/lib/gcc/avr/4.5.3/../../../avr/lib/avr6/libm.a(addsf3x.o) (__fp_inf)
/usr/lib/gcc/avr/4.5.3/../../../avr/lib/avr6/libm.a(fp_nan.o)
                              /usr/lib/gcc/avr/4.5.3/../../../avr/lib/avr6/libm.a(addsf3x.o) (__fp_nan)
/usr/lib/gcc/avr/4.5.3/../../../avr/lib/avr6/libm.a(fp_pscA.o)
                              /usr/lib/gcc/avr/4.5.3/../../../avr/lib/avr6/libm.a(addsf3x.o) (__fp_pscA)
/usr/lib/gcc/avr/4.5.3/../../../avr/lib/avr6/libm.a(fp_pscB.o)
                              /usr/lib/gcc/avr/4.5.3/../../../avr/lib/avr6/libm.a(addsf3x.o) (__fp_pscB)
/usr/lib/gcc/avr/4.5.3/../../../avr/lib/avr6/libm.a(fp_round.o)
                              /usr/lib/gcc/avr/4.5.3/../../../avr/lib/avr6/libm.a(addsf3.o) (__fp_round)
/usr/lib/gcc/avr/4.5.3/../../../avr/lib/avr6/libm.a(fp_split3.o)
                              /usr/lib/gcc/avr/4.5.3/../../../avr/lib/avr6/libm.a(addsf3x.o) (__fp_split3)
/usr/lib/gcc/avr/4.5.3/../../../avr/lib/avr6/libm.a(fp_zero.o)
                              /usr/lib/gcc/avr/4.5.3/../../../avr/lib/avr6/libm.a(addsf3x.o) (__fp_zero)
/usr/lib/gcc/avr/4.5.3/../../../avr/lib/avr6/libm.a(mulsf3.o)
                              /home/kranzrm/workspace/MEGA2560_SerialRead/libcore.a(Print.cpp.o) (__mulsf3)
/usr/lib/gcc/avr/4.5.3/../../../avr/lib/avr6/libm.a(mulsf3x.o)
                              /usr/lib/gcc/avr/4.5.3/../../../avr/lib/avr6/libm.a(mulsf3.o) (__mulsf3x)
/usr/lib/gcc/avr/4.5.3/avr6/libgcc.a(_mulsi3.o)
                              /home/kranzrm/workspace/MEGA2560_SerialRead/libcore.a(Stream.cpp.o) (__mulsi3)
/usr/lib/gcc/avr/4.5.3/avr6/libgcc.a(_udivmodqi4.o)
                              ./Servo.o (__udivmodqi4)
/usr/lib/gcc/avr/4.5.3/avr6/libgcc.a(_divmodhi4.o)
                              ./Servo.o (__divmodhi4)
/usr/lib/gcc/avr/4.5.3/avr6/libgcc.a(_udivmodsi4.o)
                              /home/kranzrm/workspace/MEGA2560_SerialRead/libcore.a(Print.cpp.o) (__udivmodsi4)
/usr/lib/gcc/avr/4.5.3/avr6/libgcc.a(_divmodsi4.o)
                              /home/kranzrm/workspace/MEGA2560_SerialRead/libcore.a(WMath.cpp.o) (__divmodsi4)
/usr/lib/gcc/avr/4.5.3/avr6/libgcc.a(_exit.o)
[...]
Memory Configuration

Name             Origin             Length             Attributes
text             0x0000000000000000 0x0000000000100000 xr
data             0x0000000000800200 0x000000000000fe00 rw !x
eeprom           0x0000000000810000 0x0000000000010000 rw !x
fuse             0x0000000000820000 0x0000000000000400 rw !x
lock             0x0000000000830000 0x0000000000000400 rw !x
signature        0x0000000000840000 0x0000000000000400 rw !x
*default*        0x0000000000000000 0xffffffffffffffff

Linker script and memory map

Address of section .data set to 0x800200
LOAD /usr/lib/gcc/avr/4.5.3/../../../avr/lib/avr6/crtm2560.o
LOAD ./Servo.o
LOAD ./main.o
LOAD /home/kranzrm/workspace/MEGA2560_SerialRead/libcore.a
LOAD /usr/lib/gcc/avr/4.5.3/../../../avr/lib/avr6/libm.a
LOAD /usr/lib/gcc/avr/4.5.3/../../../avr/lib/avr6/libm.a
LOAD /usr/lib/gcc/avr/4.5.3/avr6/libgcc.a
LOAD /usr/lib/gcc/avr/4.5.3/../../../avr/lib/avr6/libc.a
LOAD /usr/lib/gcc/avr/4.5.3/avr6/libgcc.a

.hash
 *(.hash)

.dynsym
 *(.dynsym)

.dynstr
 *(.dynstr)

.gnu.version
 *(.gnu.version)

.gnu.version_d
 *(.gnu.version_d)

.gnu.version_r
 *(.gnu.version_r)

.rel.init
 *(.rel.init)

.rela.init
 *(.rela.init)

.rel.text
 *(.rel.text)
 *(.rel.text.*)
 *(.rel.gnu.linkonce.t*)

.rela.text
 *(.rela.text)
 *(.rela.text.*)
 *(.rela.gnu.linkonce.t*)

.rel.fini
 *(.rel.fini)

.rela.fini
 *(.rela.fini)

.rel.rodata
 *(.rel.rodata)
 *(.rel.rodata.*)
 *(.rel.gnu.linkonce.r*)

.rela.rodata
 *(.rela.rodata)
 *(.rela.rodata.*)
 *(.rela.gnu.linkonce.r*)

.rel.data
 *(.rel.data)
 *(.rel.data.*)
 *(.rel.gnu.linkonce.d*)

.rela.data
 *(.rela.data)
 *(.rela.data.*)
 *(.rela.gnu.linkonce.d*)

.rel.ctors
 *(.rel.ctors)

.rela.ctors
 *(.rela.ctors)

.rel.dtors
 *(.rel.dtors)

.rela.dtors
 *(.rela.dtors)

.rel.got
 *(.rel.got)

.rela.got
 *(.rela.got)

.rel.bss
 *(.rel.bss)

.rela.bss
 *(.rela.bss)

.rel.plt
 *(.rel.plt)

.rela.plt
 *(.rela.plt)

.text           0x0000000000000000     0x1a2c
 *(.vectors)
 .vectors       0x0000000000000000       0xe4 /usr/lib/gcc/avr/4.5.3/../../../avr/lib/avr6/crtm2560.o
                0x0000000000000000                __vectors
                0x0000000000000000                __vector_default
 *(.vectors)
 *(.progmem.gcc*)
 *(.progmem*)
 .progmem.data  0x00000000000000e4      0x120 /home/kranzrm/workspace/MEGA2560_SerialRead/libcore.a(wiring_digital.c.o)
                0x00000000000000e4                port_to_mode_PGM
                0x00000000000000fe                port_to_output_PGM
                0x0000000000000118                port_to_input_PGM
                0x0000000000000132                digital_pin_to_port_PGM
                0x0000000000000178                digital_pin_to_bit_mask_PGM
                0x00000000000001be                digital_pin_to_timer_PGM
                0x0000000000000204                . = ALIGN (0x2)
                0x0000000000000204                __trampolines_start = .
 *(.trampolines)
 .trampolines   0x0000000000000204        0x0 linker stubs
 *(.trampolines*)
                0x0000000000000204                __trampolines_end = .
 *(.jumptables)
 *(.jumptables*)
 *(.lowtext)
 *(.lowtext*)
                0x0000000000000204                __ctors_start = .
 *(.ctors)
 .ctors         0x0000000000000204        0x2 ./main.o
 .ctors         0x0000000000000206        0x2 /home/kranzrm/workspace/MEGA2560_SerialRead/libcore.a(HardwareSerial.cpp.o)
                0x0000000000000208                __ctors_end = .
                0x0000000000000208                __dtors_start = .
 *(.dtors)
                0x0000000000000208                __dtors_end = .
 SORT(*)(.ctors)
 SORT(*)(.dtors)
 *(.init0)
 .init0         0x0000000000000208        0x0 /usr/lib/gcc/avr/4.5.3/../../../avr/lib/avr6/crtm2560.o
                0x0000000000000208                __init
 *(.init0)
 *(.init1)
 *(.init1)
 *(.init2)
 .init2         0x0000000000000208       0x10 /usr/lib/gcc/avr/4.5.3/../../../avr/lib/avr6/crtm2560.o
 *(.init2)
 *(.init3)
 *(.init3)
 *(.init4)
 .init4         0x0000000000000218       0x1a /usr/lib/gcc/avr/4.5.3/avr6/libgcc.a(_copy_data.o)
                0x0000000000000218                __do_copy_data
 .init4         0x0000000000000232       0x10 /usr/lib/gcc/avr/4.5.3/avr6/libgcc.a(_clear_bss.o)
                0x0000000000000232                __do_clear_bss
 *(.init4)
 *(.init5)
 *(.init5)
 *(.init6)
 .init6         0x0000000000000242       0x20 /usr/lib/gcc/avr/4.5.3/avr6/libgcc.a(_ctors.o)
                0x0000000000000242                __do_global_ctors
 *(.init6)
 *(.init7)
 *(.init7)
 *(.init8)
 *(.init8)
 *(.init9)
 .init9         0x0000000000000262        0x8 /usr/lib/gcc/avr/4.5.3/../../../avr/lib/avr6/crtm2560.o
 *(.init9)
 *(.text)
 .text          0x000000000000026a        0x4 /usr/lib/gcc/avr/4.5.3/../../../avr/lib/avr6/crtm2560.o
                0x000000000000026a                __vector_38
                0x000000000000026a                __vector_22
                0x000000000000026a                __vector_28
                0x000000000000026a                __vector_1
                0x000000000000026a                __vector_34
                0x000000000000026a                __vector_24
                0x000000000000026a                __vector_12
                0x000000000000026a                __vector_46
                0x000000000000026a                __bad_interrupt
                0x000000000000026a                __vector_6
                0x000000000000026a                __vector_31
                0x000000000000026a                __vector_35
                0x000000000000026a                __vector_39
                0x000000000000026a                __vector_3
                0x000000000000026a                __vector_30
                0x000000000000026a                __vector_45
                0x000000000000026a                __vector_11
                0x000000000000026a                __vector_13
                0x000000000000026a                __vector_19
                0x000000000000026a                __vector_56
                0x000000000000026a                __vector_7
                0x000000000000026a                __vector_49
                0x000000000000026a                __vector_41
                0x000000000000026a                __vector_43
                0x000000000000026a                __vector_27
                0x000000000000026a                __vector_5
                0x000000000000026a                __vector_33
                0x000000000000026a                __vector_4
                0x000000000000026a                __vector_44
                0x000000000000026a                __vector_9
                0x000000000000026a                __vector_2
                0x000000000000026a                __vector_21
                0x000000000000026a                __vector_15
                0x000000000000026a                __vector_29
                0x000000000000026a                __vector_40
                0x000000000000026a                __vector_8
                0x000000000000026a                __vector_48
                0x000000000000026a                __vector_14
                0x000000000000026a                __vector_53
                0x000000000000026a                __vector_10
                0x000000000000026a                __vector_50
                0x000000000000026a                __vector_16
                0x000000000000026a                __vector_18
                0x000000000000026a                __vector_20
                0x000000000000026e                . = ALIGN (0x2)
 *(.text.*)
 .text._ZL17handle_interrupts18timer16_Sequence_tPVjS1_
                0x000000000000026e      0x18c ./Servo.o
 .text.__vector_17
                0x00000000000003fa       0x5c ./Servo.o
                0x00000000000003fa                __vector_17
 .text.__vector_32
                0x0000000000000456       0x5c ./Servo.o
                0x0000000000000456                __vector_32
 .text.__vector_42
                0x00000000000004b2       0x5c ./Servo.o
                0x00000000000004b2                __vector_42
 .text.__vector_47
                0x000000000000050e       0x5c ./Servo.o
                0x000000000000050e                __vector_47
 .text._ZN5ServoC2Ev
                0x000000000000056a       0x34 ./Servo.o
                0x000000000000056a                _ZN5ServoC2Ev
                0x000000000000056a                _ZN5ServoC1Ev
 .text._ZN5Servo6attachEiii
                0x000000000000059e      0x160 ./Servo.o
                0x000000000000059e                _ZN5Servo6attachEiii
 .text._ZN5Servo6attachEi
                0x00000000000006fe        0xe ./Servo.o
                0x00000000000006fe                _ZN5Servo6attachEi
 .text._ZN5Servo17writeMicrosecondsEi
                0x000000000000070c       0x8a ./Servo.o
                0x000000000000070c                _ZN5Servo17writeMicrosecondsEi
 .text._ZN5Servo5writeEi
                0x0000000000000796       0xc8 ./Servo.o
                0x0000000000000796                _ZN5Servo5writeEi
 .text.setup    0x000000000000085e       0x68 ./main.o
                0x000000000000085e                setup
 .text.loop     0x00000000000008c6      0x18e ./main.o
                0x00000000000008c6                loop
 .text.main     0x0000000000000a54        0xe ./main.o
                0x0000000000000a54                main
 .text._GLOBAL__I_inData
                0x0000000000000a62       0x12 ./main.o
 .text.turnOffPWM
                0x0000000000000a74       0xe8 /home/kranzrm/workspace/MEGA2560_SerialRead/libcore.a(wiring_digital.c.o)
 .text.pinMode  0x0000000000000b5c       0x48 /home/kranzrm/workspace/MEGA2560_SerialRead/libcore.a(wiring_digital.c.o)
                0x0000000000000b5c                pinMode
 .text.digitalWrite
                0x0000000000000ba4       0x70 /home/kranzrm/workspace/MEGA2560_SerialRead/libcore.a(wiring_digital.c.o)
                0x0000000000000ba4                digitalWrite
 .text.__vector_23
                0x0000000000000c14       0x90 /home/kranzrm/workspace/MEGA2560_SerialRead/libcore.a(wiring.c.o)
                0x0000000000000c14                __vector_23
 .text.millis   0x0000000000000ca4       0x1c /home/kranzrm/workspace/MEGA2560_SerialRead/libcore.a(wiring.c.o)
                0x0000000000000ca4                millis
 .text.init     0x0000000000000cc0       0xc4 /home/kranzrm/workspace/MEGA2560_SerialRead/libcore.a(wiring.c.o)
                0x0000000000000cc0                init
 .text._ZN5Print5writeEPKhj
                0x0000000000000d84       0x54 /home/kranzrm/workspace/MEGA2560_SerialRead/libcore.a(Print.cpp.o)
                0x0000000000000d84                _ZN5Print5writeEPKhj
 .text._ZN5Print5writeEPKc
                0x0000000000000dd8       0x22 /home/kranzrm/workspace/MEGA2560_SerialRead/libcore.a(Print.cpp.o)
                0x0000000000000dd8                _ZN5Print5writeEPKc
 .text._ZN5Print5printEPKc
                0x0000000000000dfa        0x6 /home/kranzrm/workspace/MEGA2560_SerialRead/libcore.a(Print.cpp.o)
                0x0000000000000dfa                _ZN5Print5printEPKc
 .text._ZN5Print5printEc
                0x0000000000000e00       0x10 /home/kranzrm/workspace/MEGA2560_SerialRead/libcore.a(Print.cpp.o)
                0x0000000000000e00                _ZN5Print5printEc
 .text._ZN5Print7printlnEv
                0x0000000000000e10       0x2a /home/kranzrm/workspace/MEGA2560_SerialRead/libcore.a(Print.cpp.o)
                0x0000000000000e10                _ZN5Print7printlnEv
 .text._ZN5Print7printlnEPKc
                0x0000000000000e3a       0x26 /home/kranzrm/workspace/MEGA2560_SerialRead/libcore.a(Print.cpp.o)
                0x0000000000000e3a                _ZN5Print7printlnEPKc
 .text._ZN5Print11printNumberEmh
                0x0000000000000e60       0xb4 /home/kranzrm/workspace/MEGA2560_SerialRead/libcore.a(Print.cpp.o)
                0x0000000000000e60                _ZN5Print11printNumberEmh
 .text._ZN5Print5printEli
                0x0000000000000f14       0x76 /home/kranzrm/workspace/MEGA2560_SerialRead/libcore.a(Print.cpp.o)
                0x0000000000000f14                _ZN5Print5printEli
 .text._ZN5Print5printEii
                0x0000000000000f8a       0x14 /home/kranzrm/workspace/MEGA2560_SerialRead/libcore.a(Print.cpp.o)
                0x0000000000000f8a                _ZN5Print5printEii
 .text._ZN5Print7printlnEii
                0x0000000000000f9e       0x36 /home/kranzrm/workspace/MEGA2560_SerialRead/libcore.a(Print.cpp.o)
                0x0000000000000f9e                _ZN5Print7printlnEii
 .text._ZN6Stream9timedReadEv
                0x0000000000000fd4       0x58 /home/kranzrm/workspace/MEGA2560_SerialRead/libcore.a(Stream.cpp.o)
                0x0000000000000fd4                _ZN6Stream9timedReadEv
 .text._ZN6Stream10setTimeoutEm
                0x000000000000102c        0xc /home/kranzrm/workspace/MEGA2560_SerialRead/libcore.a(Stream.cpp.o)
                0x000000000000102c                _ZN6Stream10setTimeoutEm
 .text._ZN6Stream14readBytesUntilEcPcj
                0x0000000000001038       0x68 /home/kranzrm/workspace/MEGA2560_SerialRead/libcore.a(Stream.cpp.o)
                0x0000000000001038                _ZN6Stream14readBytesUntilEcPcj
 .text._Z3maplllll
                0x00000000000010a0       0x92 /home/kranzrm/workspace/MEGA2560_SerialRead/libcore.a(WMath.cpp.o)
                0x00000000000010a0                _Z3maplllll
 .text._ZN14HardwareSerial9availableEv
                0x0000000000001132       0x26 /home/kranzrm/workspace/MEGA2560_SerialRead/libcore.a(HardwareSerial.cpp.o)
                0x0000000000001132                _ZN14HardwareSerial9availableEv
 .text._ZN14HardwareSerial4peekEv
                0x0000000000001158       0x38 /home/kranzrm/workspace/MEGA2560_SerialRead/libcore.a(HardwareSerial.cpp.o)
                0x0000000000001158                _ZN14HardwareSerial4peekEv
 .text._ZN14HardwareSerial4readEv
                0x0000000000001190       0x44 /home/kranzrm/workspace/MEGA2560_SerialRead/libcore.a(HardwareSerial.cpp.o)
                0x0000000000001190                _ZN14HardwareSerial4readEv
 .text._ZN14HardwareSerial5flushEv
                0x00000000000011d4       0x28 /home/kranzrm/workspace/MEGA2560_SerialRead/libcore.a(HardwareSerial.cpp.o)
                0x00000000000011d4                _ZN14HardwareSerial5flushEv
 .text._ZN14HardwareSerial5writeEh
                0x00000000000011fc       0x72 /home/kranzrm/workspace/MEGA2560_SerialRead/libcore.a(HardwareSerial.cpp.o)
                0x00000000000011fc                _ZN14HardwareSerial5writeEh
 .text._Z10store_charhP11ring_buffer
                0x000000000000126e       0x34 /home/kranzrm/workspace/MEGA2560_SerialRead/libcore.a(HardwareSerial.cpp.o)
                0x000000000000126e                _Z10store_charhP11ring_buffer
 .text.__vector_25
                0x00000000000012a2       0x58 /home/kranzrm/workspace/MEGA2560_SerialRead/libcore.a(HardwareSerial.cpp.o)
                0x00000000000012a2                __vector_25
 .text.__vector_36
                0x00000000000012fa       0x58 /home/kranzrm/workspace/MEGA2560_SerialRead/libcore.a(HardwareSerial.cpp.o)
                0x00000000000012fa                __vector_36
 .text.__vector_51
                0x0000000000001352       0x58 /home/kranzrm/workspace/MEGA2560_SerialRead/libcore.a(HardwareSerial.cpp.o)
                0x0000000000001352                __vector_51
 .text.__vector_54
                0x00000000000013aa       0x58 /home/kranzrm/workspace/MEGA2560_SerialRead/libcore.a(HardwareSerial.cpp.o)
                0x00000000000013aa                __vector_54
 .text.__vector_26
                0x0000000000001402       0x96 /home/kranzrm/workspace/MEGA2560_SerialRead/libcore.a(HardwareSerial.cpp.o)
                0x0000000000001402                __vector_26
 .text.__vector_37
                0x0000000000001498       0x96 /home/kranzrm/workspace/MEGA2560_SerialRead/libcore.a(HardwareSerial.cpp.o)
                0x0000000000001498                __vector_37
 .text.__vector_52
                0x000000000000152e       0x96 /home/kranzrm/workspace/MEGA2560_SerialRead/libcore.a(HardwareSerial.cpp.o)
                0x000000000000152e                __vector_52
 .text.__vector_55
                0x00000000000015c4       0x96 /home/kranzrm/workspace/MEGA2560_SerialRead/libcore.a(HardwareSerial.cpp.o)
                0x00000000000015c4                __vector_55
 .text._ZN14HardwareSerial5beginEm
                0x000000000000165a       0xfc /home/kranzrm/workspace/MEGA2560_SerialRead/libcore.a(HardwareSerial.cpp.o)
                0x000000000000165a                _ZN14HardwareSerial5beginEm
 .text._GLOBAL__I_rx_buffer
                0x0000000000001756      0x1ac /home/kranzrm/workspace/MEGA2560_SerialRead/libcore.a(HardwareSerial.cpp.o)
 .text.libgcc   0x0000000000001902       0x3e /usr/lib/gcc/avr/4.5.3/avr6/libgcc.a(_mulsi3.o)
                0x0000000000001902                __mulsi3
 .text.libgcc   0x0000000000001940       0x18 /usr/lib/gcc/avr/4.5.3/avr6/libgcc.a(_udivmodqi4.o)
                0x0000000000001940                __udivmodqi4
 .text.libgcc   0x0000000000001958       0x26 /usr/lib/gcc/avr/4.5.3/avr6/libgcc.a(_divmodhi4.o)
                0x0000000000001958                __divmodhi4
                0x0000000000001958                _div
 .text.libgcc   0x000000000000197e       0x44 /usr/lib/gcc/avr/4.5.3/avr6/libgcc.a(_udivmodsi4.o)
                0x000000000000197e                __udivmodsi4
 .text.libgcc   0x00000000000019c2       0x36 /usr/lib/gcc/avr/4.5.3/avr6/libgcc.a(_divmodsi4.o)
                0x00000000000019c2                __divmodsi4
 .text.libgcc   0x00000000000019f8       0x28 /usr/lib/gcc/avr/4.5.3/avr6/libgcc.a(_udivmodhi4.o)
                0x00000000000019f8                __udivmodhi4
 .text.libgcc   0x0000000000001a20        0x8 /usr/lib/gcc/avr/4.5.3/avr6/libgcc.a(_tablejump_elpm.o)
                0x0000000000001a20                __tablejump_elpm__
                0x0000000000001a28                . = ALIGN (0x2)
 *(.fini9)
 .fini9         0x0000000000001a28        0x0 /usr/lib/gcc/avr/4.5.3/avr6/libgcc.a(_exit.o)
                0x0000000000001a28                exit
                0x0000000000001a28                _exit
 *(.fini9)
 *(.fini8)
 *(.fini8)
 *(.fini7)
 *(.fini7)
 *(.fini6)
 *(.fini6)
 *(.fini5)
 *(.fini5)
 *(.fini4)
 *(.fini4)
 *(.fini3)
 *(.fini3)
 *(.fini2)
 *(.fini2)
 *(.fini1)
 *(.fini1)
 *(.fini0)
 .fini0         0x0000000000001a28        0x4 /usr/lib/gcc/avr/4.5.3/avr6/libgcc.a(_exit.o)
 *(.fini0)
                0x0000000000001a2c                _etext = .

.data           0x0000000000800200       0x36 load address 0x0000000000001a2c
                0x0000000000800200                PROVIDE (__data_start, .)
 *(.data)
 .data          0x0000000000800200       0x26 ./main.o
 *(.data*)
 *(.rodata)
 *(.rodata*)
 .rodata._ZTV14HardwareSerial
                0x0000000000800226       0x10 /home/kranzrm/workspace/MEGA2560_SerialRead/libcore.a(HardwareSerial.cpp.o)
                0x0000000000800226                _ZTV14HardwareSerial
 *(.gnu.linkonce.d*)
                0x0000000000800236                . = ALIGN (0x2)
                0x0000000000800236                _edata = .
                0x0000000000800236                PROVIDE (__data_end, .)

.bss            0x0000000000800236      0x34e
                0x0000000000800236                PROVIDE (__bss_start, .)
 *(.bss)
 *(.bss*)
 .bss.ServoCount
                0x0000000000800236        0x1 ./Servo.o
                0x0000000000800236                ServoCount
 .bss._ZL6servos
                0x0000000000800237       0x90 ./Servo.o
 .bss._ZL7Channel
                0x00000000008002c7        0x4 ./Servo.o
 .bss.inData    0x00000000008002cb        0x4 ./main.o
                0x00000000008002cb                inData
 .bss.bRead     0x00000000008002cf        0x2 ./main.o
                0x00000000008002cf                bRead
 .bss.steering  0x00000000008002d1        0x3 ./main.o
                0x00000000008002d1                steering
 .bss.drive     0x00000000008002d4        0x3 ./main.o
                0x00000000008002d4                drive
 .bss.rawSteeringVal
                0x00000000008002d7        0x2 ./main.o
                0x00000000008002d7                rawSteeringVal
 .bss.rawDriveVal
                0x00000000008002d9        0x2 ./main.o
                0x00000000008002d9                rawDriveVal
 .bss.processedSteeringVal
                0x00000000008002db        0x2 ./main.o
                0x00000000008002db                processedSteeringVal
 .bss.processedDriveVal
                0x00000000008002dd        0x2 ./main.o
                0x00000000008002dd                processedDriveVal
 .bss.timer0_overflow_count
                0x00000000008002df        0x4 /home/kranzrm/workspace/MEGA2560_SerialRead/libcore.a(wiring.c.o)
                0x00000000008002df                timer0_overflow_count
 .bss.timer0_millis
                0x00000000008002e3        0x4 /home/kranzrm/workspace/MEGA2560_SerialRead/libcore.a(wiring.c.o)
                0x00000000008002e3                timer0_millis
 .bss.timer0_fract
                0x00000000008002e7        0x1 /home/kranzrm/workspace/MEGA2560_SerialRead/libcore.a(wiring.c.o)
 .bss.rx_buffer
                0x00000000008002e8       0x44 /home/kranzrm/workspace/MEGA2560_SerialRead/libcore.a(HardwareSerial.cpp.o)
                0x00000000008002e8                rx_buffer
 .bss.tx_buffer
                0x000000000080032c       0x44 /home/kranzrm/workspace/MEGA2560_SerialRead/libcore.a(HardwareSerial.cpp.o)
                0x000000000080032c                tx_buffer
 .bss.rx_buffer1
                0x0000000000800370       0x44 /home/kranzrm/workspace/MEGA2560_SerialRead/libcore.a(HardwareSerial.cpp.o)
                0x0000000000800370                rx_buffer1
 .bss.tx_buffer1
                0x00000000008003b4       0x44 /home/kranzrm/workspace/MEGA2560_SerialRead/libcore.a(HardwareSerial.cpp.o)
                0x00000000008003b4                tx_buffer1
 .bss.rx_buffer2
                0x00000000008003f8       0x44 /home/kranzrm/workspace/MEGA2560_SerialRead/libcore.a(HardwareSerial.cpp.o)
                0x00000000008003f8                rx_buffer2
 .bss.tx_buffer2
                0x000000000080043c       0x44 /home/kranzrm/workspace/MEGA2560_SerialRead/libcore.a(HardwareSerial.cpp.o)
                0x000000000080043c                tx_buffer2
 .bss.rx_buffer3
                0x0000000000800480       0x44 /home/kranzrm/workspace/MEGA2560_SerialRead/libcore.a(HardwareSerial.cpp.o)
                0x0000000000800480                rx_buffer3
 .bss.tx_buffer3
                0x00000000008004c4       0x44 /home/kranzrm/workspace/MEGA2560_SerialRead/libcore.a(HardwareSerial.cpp.o)
                0x00000000008004c4                tx_buffer3
 .bss.Serial    0x0000000000800508       0x1f /home/kranzrm/workspace/MEGA2560_SerialRead/libcore.a(HardwareSerial.cpp.o)
                0x0000000000800508                Serial
 .bss.Serial1   0x0000000000800527       0x1f /home/kranzrm/workspace/MEGA2560_SerialRead/libcore.a(HardwareSerial.cpp.o)
                0x0000000000800527                Serial1
 .bss.Serial2   0x0000000000800546       0x1f /home/kranzrm/workspace/MEGA2560_SerialRead/libcore.a(HardwareSerial.cpp.o)
                0x0000000000800546                Serial2
 .bss.Serial3   0x0000000000800565       0x1f /home/kranzrm/workspace/MEGA2560_SerialRead/libcore.a(HardwareSerial.cpp.o)
                0x0000000000800565                Serial3
 *(COMMON)
                0x0000000000800584                PROVIDE (__bss_end, .)
                0x0000000000001a2c                __data_load_start = LOADADDR (.data)
                0x0000000000001a62                __data_load_end = (__data_load_start + SIZEOF (.data))

.noinit         0x0000000000800584        0x0
                0x0000000000800584                PROVIDE (__noinit_start, .)
 *(.noinit*)
                0x0000000000800584                PROVIDE (__noinit_end, .)
                0x0000000000800584                _end = .
                0x0000000000800584                PROVIDE (__heap_start, .)

.eeprom         0x0000000000810000        0x0
 *(.eeprom*)
                0x0000000000810000                __eeprom_end = .

.fuse
 *(.fuse)
 *(.lfuse)
 *(.hfuse)
 *(.efuse)

.lock
 *(.lock*)

.signature
 *(.signature*)

.stab
 *(.stab)

.stabstr
 *(.stabstr)

.stab.excl
 *(.stab.excl)

.stab.exclstr
 *(.stab.exclstr)

.stab.index
 *(.stab.index)

.stab.indexstr
 *(.stab.indexstr)

.comment
 *(.comment)

.debug
 *(.debug)

.line
 *(.line)

.debug_srcinfo
 *(.debug_srcinfo)

.debug_sfnames
 *(.debug_sfnames)

.debug_aranges
 *(.debug_aranges)

.debug_pubnames
 *(.debug_pubnames)

.debug_info
 *(.debug_info)
 *(.gnu.linkonce.wi.*)

.debug_abbrev
 *(.debug_abbrev)

.debug_line
 *(.debug_line)

.debug_frame
 *(.debug_frame)

.debug_str
 *(.debug_str)

.debug_loc
 *(.debug_loc)

.debug_macinfo
 *(.debug_macinfo)
OUTPUT(MEGA2560_SerialRead.elf elf32-avr)
LOAD linker stubs

Cross Reference Table

Symbol                                            File
HardwareSerial::HardwareSerial(ring_buffer*, ring_buffer*, unsigned char volatile*, unsigned char volatile*, unsigned char volatile*, unsigned char volatile*, unsigned char volatile*, unsigned char, unsigned char, unsigned char, unsigned char, unsigned char) /home/kranzrm/workspace/MEGA2560_SerialRead/libcore.a(HardwareSerial.cpp.o)
HardwareSerial::HardwareSerial(ring_buffer*, ring_buffer*, unsigned char volatile*, unsigned char volatile*, unsigned char volatile*, unsigned char volatile*, unsigned char volatile*, unsigned char, unsigned char, unsigned char, unsigned char, unsigned char) /home/kranzrm/workspace/MEGA2560_SerialRead/libcore.a(HardwareSerial.cpp.o)
HardwareSerial::available()                       /home/kranzrm/workspace/MEGA2560_SerialRead/libcore.a(HardwareSerial.cpp.o)
HardwareSerial::begin(unsigned long)              /home/kranzrm/workspace/MEGA2560_SerialRead/libcore.a(HardwareSerial.cpp.o)
                                                  ./main.o
HardwareSerial::end()                             /home/kranzrm/workspace/MEGA2560_SerialRead/libcore.a(HardwareSerial.cpp.o)
HardwareSerial::flush()                           /home/kranzrm/workspace/MEGA2560_SerialRead/libcore.a(HardwareSerial.cpp.o)
HardwareSerial::peek()                            /home/kranzrm/workspace/MEGA2560_SerialRead/libcore.a(HardwareSerial.cpp.o)
HardwareSerial::read()                            /home/kranzrm/workspace/MEGA2560_SerialRead/libcore.a(HardwareSerial.cpp.o)
HardwareSerial::write(unsigned char)              /home/kranzrm/workspace/MEGA2560_SerialRead/libcore.a(HardwareSerial.cpp.o)
Print::print(Printable const&)                    /home/kranzrm/workspace/MEGA2560_SerialRead/libcore.a(Print.cpp.o)
Print::print(String const&)                       /home/kranzrm/workspace/MEGA2560_SerialRead/libcore.a(Print.cpp.o)
Print::print(__FlashStringHelper const*)          /home/kranzrm/workspace/MEGA2560_SerialRead/libcore.a(Print.cpp.o)
Print::print(char const*)                         /home/kranzrm/workspace/MEGA2560_SerialRead/libcore.a(Print.cpp.o)
                                                  ./main.o
Print::print(char)                                /home/kranzrm/workspace/MEGA2560_SerialRead/libcore.a(Print.cpp.o)
Print::print(double, int)                         /home/kranzrm/workspace/MEGA2560_SerialRead/libcore.a(Print.cpp.o)
Print::print(int, int)                            /home/kranzrm/workspace/MEGA2560_SerialRead/libcore.a(Print.cpp.o)
                                                  ./main.o
Print::print(long, int)                           /home/kranzrm/workspace/MEGA2560_SerialRead/libcore.a(Print.cpp.o)
Print::print(unsigned char, int)                  /home/kranzrm/workspace/MEGA2560_SerialRead/libcore.a(Print.cpp.o)
Print::print(unsigned int, int)                   /home/kranzrm/workspace/MEGA2560_SerialRead/libcore.a(Print.cpp.o)
Print::print(unsigned long, int)                  /home/kranzrm/workspace/MEGA2560_SerialRead/libcore.a(Print.cpp.o)
Print::printFloat(double, unsigned char)          /home/kranzrm/workspace/MEGA2560_SerialRead/libcore.a(Print.cpp.o)
Print::printNumber(unsigned long, unsigned char)  /home/kranzrm/workspace/MEGA2560_SerialRead/libcore.a(Print.cpp.o)
Print::println()                                  /home/kranzrm/workspace/MEGA2560_SerialRead/libcore.a(Print.cpp.o)
Print::println(Printable const&)                  /home/kranzrm/workspace/MEGA2560_SerialRead/libcore.a(Print.cpp.o)
Print::println(String const&)                     /home/kranzrm/workspace/MEGA2560_SerialRead/libcore.a(Print.cpp.o)
Print::println(__FlashStringHelper const*)        /home/kranzrm/workspace/MEGA2560_SerialRead/libcore.a(Print.cpp.o)
Print::println(char const*)                       /home/kranzrm/workspace/MEGA2560_SerialRead/libcore.a(Print.cpp.o)
                                                  ./main.o
Print::println(char)                              /home/kranzrm/workspace/MEGA2560_SerialRead/libcore.a(Print.cpp.o)
Print::println(double, int)                       /home/kranzrm/workspace/MEGA2560_SerialRead/libcore.a(Print.cpp.o)
Print::println(int, int)                          /home/kranzrm/workspace/MEGA2560_SerialRead/libcore.a(Print.cpp.o)
                                                  ./main.o
Print::println(long, int)                         /home/kranzrm/workspace/MEGA2560_SerialRead/libcore.a(Print.cpp.o)
Print::println(unsigned char, int)                /home/kranzrm/workspace/MEGA2560_SerialRead/libcore.a(Print.cpp.o)
Print::println(unsigned int, int)                 /home/kranzrm/workspace/MEGA2560_SerialRead/libcore.a(Print.cpp.o)
Print::println(unsigned long, int)                /home/kranzrm/workspace/MEGA2560_SerialRead/libcore.a(Print.cpp.o)
Print::write(char const*)                         /home/kranzrm/workspace/MEGA2560_SerialRead/libcore.a(Print.cpp.o)
Print::write(unsigned char const*, unsigned int)  /home/kranzrm/workspace/MEGA2560_SerialRead/libcore.a(Print.cpp.o)
                                                  /home/kranzrm/workspace/MEGA2560_SerialRead/libcore.a(HardwareSerial.cpp.o)
Serial                                            /home/kranzrm/workspace/MEGA2560_SerialRead/libcore.a(HardwareSerial.cpp.o)
                                                  ./main.o
Serial1                                           /home/kranzrm/workspace/MEGA2560_SerialRead/libcore.a(HardwareSerial.cpp.o)
Serial2                                           /home/kranzrm/workspace/MEGA2560_SerialRead/libcore.a(HardwareSerial.cpp.o)
Serial3                                           /home/kranzrm/workspace/MEGA2560_SerialRead/libcore.a(HardwareSerial.cpp.o)
Servo::Servo()                                    ./Servo.o
Servo::Servo()                                    ./Servo.o
                                                  ./main.o
Servo::attach(int)                                ./Servo.o
                                                  ./main.o
Servo::attach(int, int, int)                      ./Servo.o
Servo::attached()                                 ./Servo.o
Servo::detach()                                   ./Servo.o
Servo::read()                                     ./Servo.o
Servo::readMicroseconds()                         ./Servo.o
Servo::write(int)                                 ./Servo.o
                                                  ./main.o
Servo::writeMicroseconds(int)                     ./Servo.o
ServoCount                                        ./Servo.o
Stream::find(char*)                               /home/kranzrm/workspace/MEGA2560_SerialRead/libcore.a(Stream.cpp.o)
Stream::find(char*, unsigned int)                 /home/kranzrm/workspace/MEGA2560_SerialRead/libcore.a(Stream.cpp.o)
Stream::findUntil(char*, char*)                   /home/kranzrm/workspace/MEGA2560_SerialRead/libcore.a(Stream.cpp.o)
Stream::findUntil(char*, unsigned int, char*, unsigned int) /home/kranzrm/workspace/MEGA2560_SerialRead/libcore.a(Stream.cpp.o)
Stream::parseFloat()                              /home/kranzrm/workspace/MEGA2560_SerialRead/libcore.a(Stream.cpp.o)
Stream::parseFloat(char)                          /home/kranzrm/workspace/MEGA2560_SerialRead/libcore.a(Stream.cpp.o)
Stream::parseInt()                                /home/kranzrm/workspace/MEGA2560_SerialRead/libcore.a(Stream.cpp.o)
Stream::parseInt(char)                            /home/kranzrm/workspace/MEGA2560_SerialRead/libcore.a(Stream.cpp.o)
Stream::peekNextDigit()                           /home/kranzrm/workspace/MEGA2560_SerialRead/libcore.a(Stream.cpp.o)
Stream::readBytes(char*, unsigned int)            /home/kranzrm/workspace/MEGA2560_SerialRead/libcore.a(Stream.cpp.o)
Stream::readBytesUntil(char, char*, unsigned int) /home/kranzrm/workspace/MEGA2560_SerialRead/libcore.a(Stream.cpp.o)
                                                  ./main.o
Stream::setTimeout(unsigned long)                 /home/kranzrm/workspace/MEGA2560_SerialRead/libcore.a(Stream.cpp.o)
                                                  ./main.o
Stream::timedPeek()                               /home/kranzrm/workspace/MEGA2560_SerialRead/libcore.a(Stream.cpp.o)
Stream::timedRead()                               /home/kranzrm/workspace/MEGA2560_SerialRead/libcore.a(Stream.cpp.o)
String::String(String const&)                     /home/kranzrm/workspace/MEGA2560_SerialRead/libcore.a(WString.cpp.o)
String::String(String const&)                     /home/kranzrm/workspace/MEGA2560_SerialRead/libcore.a(WString.cpp.o)
String::String(char const*)                       /home/kranzrm/workspace/MEGA2560_SerialRead/libcore.a(WString.cpp.o)
String::String(char const*)                       /home/kranzrm/workspace/MEGA2560_SerialRead/libcore.a(WString.cpp.o)
String::String(char)                              /home/kranzrm/workspace/MEGA2560_SerialRead/libcore.a(WString.cpp.o)
String::String(char)                              /home/kranzrm/workspace/MEGA2560_SerialRead/libcore.a(WString.cpp.o)
String::String(int, unsigned char)                /home/kranzrm/workspace/MEGA2560_SerialRead/libcore.a(WString.cpp.o)
String::String(int, unsigned char)                /home/kranzrm/workspace/MEGA2560_SerialRead/libcore.a(WString.cpp.o)
String::String(long, unsigned char)               /home/kranzrm/workspace/MEGA2560_SerialRead/libcore.a(WString.cpp.o)
String::String(long, unsigned char)               /home/kranzrm/workspace/MEGA2560_SerialRead/libcore.a(WString.cpp.o)
String::String(unsigned char, unsigned char)      /home/kranzrm/workspace/MEGA2560_SerialRead/libcore.a(WString.cpp.o)
String::String(unsigned char, unsigned char)      /home/kranzrm/workspace/MEGA2560_SerialRead/libcore.a(WString.cpp.o)
String::String(unsigned int, unsigned char)       /home/kranzrm/workspace/MEGA2560_SerialRead/libcore.a(WString.cpp.o)
String::String(unsigned int, unsigned char)       /home/kranzrm/workspace/MEGA2560_SerialRead/libcore.a(WString.cpp.o)
String::String(unsigned long, unsigned char)      /home/kranzrm/workspace/MEGA2560_SerialRead/libcore.a(WString.cpp.o)
String::String(unsigned long, unsigned char)      /home/kranzrm/workspace/MEGA2560_SerialRead/libcore.a(WString.cpp.o)
String::changeBuffer(unsigned int)                /home/kranzrm/workspace/MEGA2560_SerialRead/libcore.a(WString.cpp.o)
String::charAt(unsigned int) const                /home/kranzrm/workspace/MEGA2560_SerialRead/libcore.a(WString.cpp.o)
String::compareTo(String const&) const            /home/kranzrm/workspace/MEGA2560_SerialRead/libcore.a(WString.cpp.o)
String::concat(String const&)                     /home/kranzrm/workspace/MEGA2560_SerialRead/libcore.a(WString.cpp.o)
String::concat(char const*)                       /home/kranzrm/workspace/MEGA2560_SerialRead/libcore.a(WString.cpp.o)
String::concat(char const*, unsigned int)         /home/kranzrm/workspace/MEGA2560_SerialRead/libcore.a(WString.cpp.o)
String::concat(char)                              /home/kranzrm/workspace/MEGA2560_SerialRead/libcore.a(WString.cpp.o)
String::concat(int)                               /home/kranzrm/workspace/MEGA2560_SerialRead/libcore.a(WString.cpp.o)
String::concat(long)                              /home/kranzrm/workspace/MEGA2560_SerialRead/libcore.a(WString.cpp.o)
String::concat(unsigned char)                     /home/kranzrm/workspace/MEGA2560_SerialRead/libcore.a(WString.cpp.o)
String::concat(unsigned int)                      /home/kranzrm/workspace/MEGA2560_SerialRead/libcore.a(WString.cpp.o)
String::concat(unsigned long)                     /home/kranzrm/workspace/MEGA2560_SerialRead/libcore.a(WString.cpp.o)
String::copy(char const*, unsigned int)           /home/kranzrm/workspace/MEGA2560_SerialRead/libcore.a(WString.cpp.o)
String::endsWith(String const&) const             /home/kranzrm/workspace/MEGA2560_SerialRead/libcore.a(WString.cpp.o)
String::equals(String const&) const               /home/kranzrm/workspace/MEGA2560_SerialRead/libcore.a(WString.cpp.o)
String::equals(char const*) const                 /home/kranzrm/workspace/MEGA2560_SerialRead/libcore.a(WString.cpp.o)
String::equalsIgnoreCase(String const&) const     /home/kranzrm/workspace/MEGA2560_SerialRead/libcore.a(WString.cpp.o)
String::getBytes(unsigned char*, unsigned int, unsigned int) const /home/kranzrm/workspace/MEGA2560_SerialRead/libcore.a(WString.cpp.o)
String::indexOf(String const&) const              /home/kranzrm/workspace/MEGA2560_SerialRead/libcore.a(WString.cpp.o)
String::indexOf(String const&, unsigned int) const /home/kranzrm/workspace/MEGA2560_SerialRead/libcore.a(WString.cpp.o)
String::indexOf(char) const                       /home/kranzrm/workspace/MEGA2560_SerialRead/libcore.a(WString.cpp.o)
String::indexOf(char, unsigned int) const         /home/kranzrm/workspace/MEGA2560_SerialRead/libcore.a(WString.cpp.o)
String::invalidate()                              /home/kranzrm/workspace/MEGA2560_SerialRead/libcore.a(WString.cpp.o)
String::lastIndexOf(String const&) const          /home/kranzrm/workspace/MEGA2560_SerialRead/libcore.a(WString.cpp.o)
String::lastIndexOf(String const&, unsigned int) const /home/kranzrm/workspace/MEGA2560_SerialRead/libcore.a(WString.cpp.o)
String::lastIndexOf(char) const                   /home/kranzrm/workspace/MEGA2560_SerialRead/libcore.a(WString.cpp.o)
String::lastIndexOf(char, unsigned int) const     /home/kranzrm/workspace/MEGA2560_SerialRead/libcore.a(WString.cpp.o)
String::operator<(String const&) const            /home/kranzrm/workspace/MEGA2560_SerialRead/libcore.a(WString.cpp.o)
String::operator<=(String const&) const           /home/kranzrm/workspace/MEGA2560_SerialRead/libcore.a(WString.cpp.o)
String::operator=(String const&)                  /home/kranzrm/workspace/MEGA2560_SerialRead/libcore.a(WString.cpp.o)
String::operator=(char const*)                    /home/kranzrm/workspace/MEGA2560_SerialRead/libcore.a(WString.cpp.o)
String::operator>(String const&) const            /home/kranzrm/workspace/MEGA2560_SerialRead/libcore.a(WString.cpp.o)
String::operator>=(String const&) const           /home/kranzrm/workspace/MEGA2560_SerialRead/libcore.a(WString.cpp.o)
String::operator[](unsigned int)                  /home/kranzrm/workspace/MEGA2560_SerialRead/libcore.a(WString.cpp.o)
String::operator[](unsigned int) const            /home/kranzrm/workspace/MEGA2560_SerialRead/libcore.a(WString.cpp.o)
                                                  /home/kranzrm/workspace/MEGA2560_SerialRead/libcore.a(Print.cpp.o)
String::replace(String const&, String const&)     /home/kranzrm/workspace/MEGA2560_SerialRead/libcore.a(WString.cpp.o)
String::replace(char, char)                       /home/kranzrm/workspace/MEGA2560_SerialRead/libcore.a(WString.cpp.o)
String::reserve(unsigned int)                     /home/kranzrm/workspace/MEGA2560_SerialRead/libcore.a(WString.cpp.o)
String::setCharAt(unsigned int, char)             /home/kranzrm/workspace/MEGA2560_SerialRead/libcore.a(WString.cpp.o)
String::startsWith(String const&) const           /home/kranzrm/workspace/MEGA2560_SerialRead/libcore.a(WString.cpp.o)
String::startsWith(String const&, unsigned int) const /home/kranzrm/workspace/MEGA2560_SerialRead/libcore.a(WString.cpp.o)
String::substring(unsigned int) const             /home/kranzrm/workspace/MEGA2560_SerialRead/libcore.a(WString.cpp.o)
String::substring(unsigned int, unsigned int) const /home/kranzrm/workspace/MEGA2560_SerialRead/libcore.a(WString.cpp.o)
String::toInt() const                             /home/kranzrm/workspace/MEGA2560_SerialRead/libcore.a(WString.cpp.o)
String::toLowerCase()                             /home/kranzrm/workspace/MEGA2560_SerialRead/libcore.a(WString.cpp.o)
String::toUpperCase()                             /home/kranzrm/workspace/MEGA2560_SerialRead/libcore.a(WString.cpp.o)
String::trim()                                    /home/kranzrm/workspace/MEGA2560_SerialRead/libcore.a(WString.cpp.o)
String::~String()                                 /home/kranzrm/workspace/MEGA2560_SerialRead/libcore.a(WString.cpp.o)
String::~String()                                 /home/kranzrm/workspace/MEGA2560_SerialRead/libcore.a(WString.cpp.o)
__addsf3                                          /usr/lib/gcc/avr/4.5.3/../../../avr/lib/avr6/libm.a(addsf3.o)
                                                  /home/kranzrm/workspace/MEGA2560_SerialRead/libcore.a(Print.cpp.o)
__addsf3x                                         /usr/lib/gcc/avr/4.5.3/../../../avr/lib/avr6/libm.a(addsf3x.o)
                                                  /usr/lib/gcc/avr/4.5.3/../../../avr/lib/avr6/libm.a(addsf3.o)
__bad_interrupt                                   /usr/lib/gcc/avr/4.5.3/../../../avr/lib/avr6/crtm2560.o
__brkval                                          /usr/lib/gcc/avr/4.5.3/../../../avr/lib/avr6/libc.a(realloc.o)
                                                  /usr/lib/gcc/avr/4.5.3/../../../avr/lib/avr6/libc.a(malloc.o)
__bss_end                                         /usr/lib/gcc/avr/4.5.3/avr6/libgcc.a(_clear_bss.o)
__bss_start                                       /usr/lib/gcc/avr/4.5.3/avr6/libgcc.a(_clear_bss.o)
__cmpsf2                                          /usr/lib/gcc/avr/4.5.3/../../../avr/lib/avr6/libm.a(cmpsf2.o)
__ctors_end                                       /usr/lib/gcc/avr/4.5.3/avr6/libgcc.a(_ctors.o)
__ctors_start                                     /usr/lib/gcc/avr/4.5.3/avr6/libgcc.a(_ctors.o)
__ctype_isfalse                                   /usr/lib/gcc/avr/4.5.3/../../../avr/lib/avr6/libc.a(cty_isfalse.o)
                                                  /usr/lib/gcc/avr/4.5.3/../../../avr/lib/avr6/libc.a(isspace.o)
__ctype_istrue                                    /usr/lib/gcc/avr/4.5.3/../../../avr/lib/avr6/libc.a(cty_isfalse.o)
__cxa_guard_abort                                 /home/kranzrm/workspace/MEGA2560_SerialRead/libcore.a(new.cpp.o)
__cxa_guard_acquire                               /home/kranzrm/workspace/MEGA2560_SerialRead/libcore.a(new.cpp.o)
__cxa_guard_release                               /home/kranzrm/workspace/MEGA2560_SerialRead/libcore.a(new.cpp.o)
__cxa_pure_virtual                                /home/kranzrm/workspace/MEGA2560_SerialRead/libcore.a(new.cpp.o)
                                                  /home/kranzrm/workspace/MEGA2560_SerialRead/libcore.a(HardwareSerial.cpp.o)
                                                  /home/kranzrm/workspace/MEGA2560_SerialRead/libcore.a(Print.cpp.o)
__data_end                                        /usr/lib/gcc/avr/4.5.3/avr6/libgcc.a(_copy_data.o)
__data_load_start                                 /usr/lib/gcc/avr/4.5.3/avr6/libgcc.a(_copy_data.o)
__data_start                                      /usr/lib/gcc/avr/4.5.3/avr6/libgcc.a(_copy_data.o)
__divmodhi4                                       /usr/lib/gcc/avr/4.5.3/avr6/libgcc.a(_divmodhi4.o)
                                                  /home/kranzrm/workspace/MEGA2560_SerialRead/libcore.a(HardwareSerial.cpp.o)
                                                  ./Servo.o
__divmodsi4                                       /usr/lib/gcc/avr/4.5.3/avr6/libgcc.a(_divmodsi4.o)
                                                  /usr/lib/gcc/avr/4.5.3/../../../avr/lib/avr6/libc.a(random.o)
                                                  /home/kranzrm/workspace/MEGA2560_SerialRead/libcore.a(WMath.cpp.o)
__divsf3                                          /usr/lib/gcc/avr/4.5.3/../../../avr/lib/avr6/libm.a(divsf3.o)
                                                  /home/kranzrm/workspace/MEGA2560_SerialRead/libcore.a(Print.cpp.o)
__divsf3_pse                                      /usr/lib/gcc/avr/4.5.3/../../../avr/lib/avr6/libm.a(divsf3x.o)
__divsf3x                                         /usr/lib/gcc/avr/4.5.3/../../../avr/lib/avr6/libm.a(divsf3x.o)
                                                  /usr/lib/gcc/avr/4.5.3/../../../avr/lib/avr6/libm.a(divsf3.o)
__do_clear_bss                                    /usr/lib/gcc/avr/4.5.3/avr6/libgcc.a(_clear_bss.o)
                                                  /usr/lib/gcc/avr/4.5.3/../../../avr/lib/avr6/libc.a(malloc.o)
                                                  /home/kranzrm/workspace/MEGA2560_SerialRead/libcore.a(WString.cpp.o)
                                                  /home/kranzrm/workspace/MEGA2560_SerialRead/libcore.a(HardwareSerial.cpp.o)
                                                  /home/kranzrm/workspace/MEGA2560_SerialRead/libcore.a(wiring.c.o)
                                                  ./main.o
                                                  ./Servo.o
__do_copy_data                                    /usr/lib/gcc/avr/4.5.3/avr6/libgcc.a(_copy_data.o)
                                                  /usr/lib/gcc/avr/4.5.3/../../../avr/lib/avr6/libc.a(random.o)
                                                  /usr/lib/gcc/avr/4.5.3/../../../avr/lib/avr6/libc.a(malloc.o)
                                                  /home/kranzrm/workspace/MEGA2560_SerialRead/libcore.a(WString.cpp.o)
                                                  /home/kranzrm/workspace/MEGA2560_SerialRead/libcore.a(HardwareSerial.cpp.o)
                                                  /home/kranzrm/workspace/MEGA2560_SerialRead/libcore.a(Print.cpp.o)
                                                  ./main.o
__do_global_ctors                                 /usr/lib/gcc/avr/4.5.3/avr6/libgcc.a(_ctors.o)
                                                  /home/kranzrm/workspace/MEGA2560_SerialRead/libcore.a(HardwareSerial.cpp.o)
                                                  ./main.o
__eqsf2                                           /usr/lib/gcc/avr/4.5.3/../../../avr/lib/avr6/libm.a(cmpsf2.o)
__fixsfsi                                         /usr/lib/gcc/avr/4.5.3/../../../avr/lib/avr6/libm.a(fixsfsi.o)
                                                  /home/kranzrm/workspace/MEGA2560_SerialRead/libcore.a(Print.cpp.o)
__fixunssfsi                                      /usr/lib/gcc/avr/4.5.3/../../../avr/lib/avr6/libm.a(fixunssfsi.o)
                                                  /usr/lib/gcc/avr/4.5.3/../../../avr/lib/avr6/libm.a(fixsfsi.o)
                                                  /home/kranzrm/workspace/MEGA2560_SerialRead/libcore.a(Print.cpp.o)
__floatsisf                                       /usr/lib/gcc/avr/4.5.3/../../../avr/lib/avr6/libm.a(floatsisf.o)
                                                  /home/kranzrm/workspace/MEGA2560_SerialRead/libcore.a(Stream.cpp.o)
                                                  /home/kranzrm/workspace/MEGA2560_SerialRead/libcore.a(Print.cpp.o)
__floatunsisf                                     /usr/lib/gcc/avr/4.5.3/../../../avr/lib/avr6/libm.a(floatsisf.o)
                                                  /home/kranzrm/workspace/MEGA2560_SerialRead/libcore.a(Print.cpp.o)
__flp                                             /usr/lib/gcc/avr/4.5.3/../../../avr/lib/avr6/libc.a(realloc.o)
                                                  /usr/lib/gcc/avr/4.5.3/../../../avr/lib/avr6/libc.a(malloc.o)
__fp_cmp                                          /usr/lib/gcc/avr/4.5.3/../../../avr/lib/avr6/libm.a(fp_cmp.o)
                                                  /usr/lib/gcc/avr/4.5.3/../../../avr/lib/avr6/libm.a(cmpsf2.o)
__fp_inf                                          /usr/lib/gcc/avr/4.5.3/../../../avr/lib/avr6/libm.a(fp_inf.o)
                                                  /usr/lib/gcc/avr/4.5.3/../../../avr/lib/avr6/libm.a(mulsf3x.o)
                                                  /usr/lib/gcc/avr/4.5.3/../../../avr/lib/avr6/libm.a(divsf3x.o)
                                                  /usr/lib/gcc/avr/4.5.3/../../../avr/lib/avr6/libm.a(addsf3x.o)
__fp_nan                                          /usr/lib/gcc/avr/4.5.3/../../../avr/lib/avr6/libm.a(fp_nan.o)
                                                  /usr/lib/gcc/avr/4.5.3/../../../avr/lib/avr6/libm.a(mulsf3x.o)
                                                  /usr/lib/gcc/avr/4.5.3/../../../avr/lib/avr6/libm.a(divsf3x.o)
                                                  /usr/lib/gcc/avr/4.5.3/../../../avr/lib/avr6/libm.a(addsf3x.o)
__fp_pscA                                         /usr/lib/gcc/avr/4.5.3/../../../avr/lib/avr6/libm.a(fp_pscA.o)
                                                  /usr/lib/gcc/avr/4.5.3/../../../avr/lib/avr6/libm.a(mulsf3x.o)
                                                  /usr/lib/gcc/avr/4.5.3/../../../avr/lib/avr6/libm.a(divsf3x.o)
                                                  /usr/lib/gcc/avr/4.5.3/../../../avr/lib/avr6/libm.a(addsf3x.o)
__fp_pscB                                         /usr/lib/gcc/avr/4.5.3/../../../avr/lib/avr6/libm.a(fp_pscB.o)
                                                  /usr/lib/gcc/avr/4.5.3/../../../avr/lib/avr6/libm.a(mulsf3x.o)
                                                  /usr/lib/gcc/avr/4.5.3/../../../avr/lib/avr6/libm.a(divsf3x.o)
                                                  /usr/lib/gcc/avr/4.5.3/../../../avr/lib/avr6/libm.a(addsf3x.o)
__fp_round                                        /usr/lib/gcc/avr/4.5.3/../../../avr/lib/avr6/libm.a(fp_round.o)
                                                  /usr/lib/gcc/avr/4.5.3/../../../avr/lib/avr6/libm.a(mulsf3.o)
                                                  /usr/lib/gcc/avr/4.5.3/../../../avr/lib/avr6/libm.a(divsf3.o)
                                                  /usr/lib/gcc/avr/4.5.3/../../../avr/lib/avr6/libm.a(addsf3.o)
__fp_split3                                       /usr/lib/gcc/avr/4.5.3/../../../avr/lib/avr6/libm.a(fp_split3.o)
                                                  /usr/lib/gcc/avr/4.5.3/../../../avr/lib/avr6/libm.a(mulsf3x.o)
                                                  /usr/lib/gcc/avr/4.5.3/../../../avr/lib/avr6/libm.a(divsf3x.o)
                                                  /usr/lib/gcc/avr/4.5.3/../../../avr/lib/avr6/libm.a(addsf3x.o)
__fp_splitA                                       /usr/lib/gcc/avr/4.5.3/../../../avr/lib/avr6/libm.a(fp_split3.o)
                                                  /usr/lib/gcc/avr/4.5.3/../../../avr/lib/avr6/libm.a(fixunssfsi.o)
__fp_szero                                        /usr/lib/gcc/avr/4.5.3/../../../avr/lib/avr6/libm.a(fp_zero.o)
                                                  /usr/lib/gcc/avr/4.5.3/../../../avr/lib/avr6/libm.a(mulsf3x.o)
                                                  /usr/lib/gcc/avr/4.5.3/../../../avr/lib/avr6/libm.a(fixsfsi.o)
                                                  /usr/lib/gcc/avr/4.5.3/../../../avr/lib/avr6/libm.a(divsf3x.o)
__fp_zero                                         /usr/lib/gcc/avr/4.5.3/../../../avr/lib/avr6/libm.a(fp_zero.o)
                                                  /usr/lib/gcc/avr/4.5.3/../../../avr/lib/avr6/libm.a(fixunssfsi.o)
                                                  /usr/lib/gcc/avr/4.5.3/../../../avr/lib/avr6/libm.a(addsf3x.o)
__heap_end                                        /usr/lib/gcc/avr/4.5.3/../../../avr/lib/avr6/crtm2560.o
                                                  /usr/lib/gcc/avr/4.5.3/../../../avr/lib/avr6/libc.a(malloc.o)
__heap_start                                      /usr/lib/gcc/avr/4.5.3/../../../avr/lib/avr6/libc.a(malloc.o)
__init                                            /usr/lib/gcc/avr/4.5.3/../../../avr/lib/avr6/crtm2560.o
__lesf2                                           /usr/lib/gcc/avr/4.5.3/../../../avr/lib/avr6/libm.a(cmpsf2.o)
__ltsf2                                           /usr/lib/gcc/avr/4.5.3/../../../avr/lib/avr6/libm.a(cmpsf2.o)
                                                  /home/kranzrm/workspace/MEGA2560_SerialRead/libcore.a(Print.cpp.o)
__malloc_heap_end                                 /usr/lib/gcc/avr/4.5.3/../../../avr/lib/avr6/libc.a(malloc.o)
                                                  /usr/lib/gcc/avr/4.5.3/../../../avr/lib/avr6/libc.a(realloc.o)
__malloc_heap_start                               /usr/lib/gcc/avr/4.5.3/../../../avr/lib/avr6/libc.a(malloc.o)
__malloc_margin                                   /usr/lib/gcc/avr/4.5.3/../../../avr/lib/avr6/libc.a(malloc.o)
                                                  /usr/lib/gcc/avr/4.5.3/../../../avr/lib/avr6/libc.a(realloc.o)
__mulsf3                                          /usr/lib/gcc/avr/4.5.3/../../../avr/lib/avr6/libm.a(mulsf3.o)
                                                  /home/kranzrm/workspace/MEGA2560_SerialRead/libcore.a(Stream.cpp.o)
                                                  /home/kranzrm/workspace/MEGA2560_SerialRead/libcore.a(Print.cpp.o)
__mulsf3_pse                                      /usr/lib/gcc/avr/4.5.3/../../../avr/lib/avr6/libm.a(mulsf3x.o)
__mulsf3x                                         /usr/lib/gcc/avr/4.5.3/../../../avr/lib/avr6/libm.a(mulsf3x.o)
                                                  /usr/lib/gcc/avr/4.5.3/../../../avr/lib/avr6/libm.a(mulsf3.o)
__mulsi3                                          /usr/lib/gcc/avr/4.5.3/avr6/libgcc.a(_mulsi3.o)
                                                  /usr/lib/gcc/avr/4.5.3/../../../avr/lib/avr6/libc.a(random.o)
                                                  /home/kranzrm/workspace/MEGA2560_SerialRead/libcore.a(WMath.cpp.o)
                                                  /home/kranzrm/workspace/MEGA2560_SerialRead/libcore.a(Stream.cpp.o)
__mulsi_const_10                                  /usr/lib/gcc/avr/4.5.3/../../../avr/lib/avr6/libc.a(mulsi10.o)
                                                  /usr/lib/gcc/avr/4.5.3/../../../avr/lib/avr6/libc.a(atol.o)
__nesf2                                           /usr/lib/gcc/avr/4.5.3/../../../avr/lib/avr6/libm.a(cmpsf2.o)
__stack                                           /usr/lib/gcc/avr/4.5.3/../../../avr/lib/avr6/crtm2560.o
__subsf3                                          /usr/lib/gcc/avr/4.5.3/../../../avr/lib/avr6/libm.a(addsf3.o)
                                                  /home/kranzrm/workspace/MEGA2560_SerialRead/libcore.a(Print.cpp.o)
__tablejump_elpm__                                /usr/lib/gcc/avr/4.5.3/avr6/libgcc.a(_tablejump_elpm.o)
                                                  /usr/lib/gcc/avr/4.5.3/avr6/libgcc.a(_ctors.o)
__udivmodhi4                                      /usr/lib/gcc/avr/4.5.3/avr6/libgcc.a(_udivmodhi4.o)
                                                  /usr/lib/gcc/avr/4.5.3/../../../avr/lib/avr6/libc.a(utoa.o)
                                                  /usr/lib/gcc/avr/4.5.3/../../../avr/lib/avr6/libc.a(itoa.o)
                                                  /usr/lib/gcc/avr/4.5.3/avr6/libgcc.a(_divmodhi4.o)
__udivmodqi4                                      /usr/lib/gcc/avr/4.5.3/avr6/libgcc.a(_udivmodqi4.o)
                                                  ./Servo.o
__udivmodsi4                                      /usr/lib/gcc/avr/4.5.3/avr6/libgcc.a(_udivmodsi4.o)
                                                  /usr/lib/gcc/avr/4.5.3/../../../avr/lib/avr6/libc.a(ultoa.o)
                                                  /usr/lib/gcc/avr/4.5.3/../../../avr/lib/avr6/libc.a(ltoa.o)
                                                  /usr/lib/gcc/avr/4.5.3/avr6/libgcc.a(_divmodsi4.o)
                                                  /home/kranzrm/workspace/MEGA2560_SerialRead/libcore.a(HardwareSerial.cpp.o)
                                                  /home/kranzrm/workspace/MEGA2560_SerialRead/libcore.a(Print.cpp.o)
__vector_1                                        /usr/lib/gcc/avr/4.5.3/../../../avr/lib/avr6/crtm2560.o
__vector_10                                       /usr/lib/gcc/avr/4.5.3/../../../avr/lib/avr6/crtm2560.o
__vector_11                                       /usr/lib/gcc/avr/4.5.3/../../../avr/lib/avr6/crtm2560.o
__vector_12                                       /usr/lib/gcc/avr/4.5.3/../../../avr/lib/avr6/crtm2560.o
__vector_13                                       /usr/lib/gcc/avr/4.5.3/../../../avr/lib/avr6/crtm2560.o
__vector_14                                       /usr/lib/gcc/avr/4.5.3/../../../avr/lib/avr6/crtm2560.o
__vector_15                                       /usr/lib/gcc/avr/4.5.3/../../../avr/lib/avr6/crtm2560.o
__vector_16                                       /usr/lib/gcc/avr/4.5.3/../../../avr/lib/avr6/crtm2560.o
__vector_17                                       ./Servo.o
                                                  /usr/lib/gcc/avr/4.5.3/../../../avr/lib/avr6/crtm2560.o
__vector_18                                       /usr/lib/gcc/avr/4.5.3/../../../avr/lib/avr6/crtm2560.o
__vector_19                                       /usr/lib/gcc/avr/4.5.3/../../../avr/lib/avr6/crtm2560.o
__vector_2                                        /usr/lib/gcc/avr/4.5.3/../../../avr/lib/avr6/crtm2560.o
__vector_20                                       /usr/lib/gcc/avr/4.5.3/../../../avr/lib/avr6/crtm2560.o
__vector_21                                       /usr/lib/gcc/avr/4.5.3/../../../avr/lib/avr6/crtm2560.o
__vector_22                                       /usr/lib/gcc/avr/4.5.3/../../../avr/lib/avr6/crtm2560.o
__vector_23                                       /home/kranzrm/workspace/MEGA2560_SerialRead/libcore.a(wiring.c.o)
                                                  /usr/lib/gcc/avr/4.5.3/../../../avr/lib/avr6/crtm2560.o
__vector_24                                       /usr/lib/gcc/avr/4.5.3/../../../avr/lib/avr6/crtm2560.o
__vector_25                                       /home/kranzrm/workspace/MEGA2560_SerialRead/libcore.a(HardwareSerial.cpp.o)
                                                  /usr/lib/gcc/avr/4.5.3/../../../avr/lib/avr6/crtm2560.o
__vector_26                                       /home/kranzrm/workspace/MEGA2560_SerialRead/libcore.a(HardwareSerial.cpp.o)
                                                  /usr/lib/gcc/avr/4.5.3/../../../avr/lib/avr6/crtm2560.o
__vector_27                                       /usr/lib/gcc/avr/4.5.3/../../../avr/lib/avr6/crtm2560.o
__vector_28                                       /usr/lib/gcc/avr/4.5.3/../../../avr/lib/avr6/crtm2560.o
__vector_29                                       /usr/lib/gcc/avr/4.5.3/../../../avr/lib/avr6/crtm2560.o
__vector_3                                        /usr/lib/gcc/avr/4.5.3/../../../avr/lib/avr6/crtm2560.o
__vector_30                                       /usr/lib/gcc/avr/4.5.3/../../../avr/lib/avr6/crtm2560.o
__vector_31                                       /usr/lib/gcc/avr/4.5.3/../../../avr/lib/avr6/crtm2560.o
__vector_32                                       ./Servo.o
                                                  /usr/lib/gcc/avr/4.5.3/../../../avr/lib/avr6/crtm2560.o
__vector_33                                       /usr/lib/gcc/avr/4.5.3/../../../avr/lib/avr6/crtm2560.o
__vector_34                                       /usr/lib/gcc/avr/4.5.3/../../../avr/lib/avr6/crtm2560.o
__vector_35                                       /usr/lib/gcc/avr/4.5.3/../../../avr/lib/avr6/crtm2560.o
__vector_36                                       /home/kranzrm/workspace/MEGA2560_SerialRead/libcore.a(HardwareSerial.cpp.o)
                                                  /usr/lib/gcc/avr/4.5.3/../../../avr/lib/avr6/crtm2560.o
__vector_37                                       /home/kranzrm/workspace/MEGA2560_SerialRead/libcore.a(HardwareSerial.cpp.o)
                                                  /usr/lib/gcc/avr/4.5.3/../../../avr/lib/avr6/crtm2560.o
__vector_38                                       /usr/lib/gcc/avr/4.5.3/../../../avr/lib/avr6/crtm2560.o
__vector_39                                       /usr/lib/gcc/avr/4.5.3/../../../avr/lib/avr6/crtm2560.o
__vector_4                                        /usr/lib/gcc/avr/4.5.3/../../../avr/lib/avr6/crtm2560.o
__vector_40                                       /usr/lib/gcc/avr/4.5.3/../../../avr/lib/avr6/crtm2560.o
__vector_41                                       /usr/lib/gcc/avr/4.5.3/../../../avr/lib/avr6/crtm2560.o
__vector_42                                       ./Servo.o
                                                  /usr/lib/gcc/avr/4.5.3/../../../avr/lib/avr6/crtm2560.o
__vector_43                                       /usr/lib/gcc/avr/4.5.3/../../../avr/lib/avr6/crtm2560.o
__vector_44                                       /usr/lib/gcc/avr/4.5.3/../../../avr/lib/avr6/crtm2560.o
__vector_45                                       /usr/lib/gcc/avr/4.5.3/../../../avr/lib/avr6/crtm2560.o
__vector_46                                       /usr/lib/gcc/avr/4.5.3/../../../avr/lib/avr6/crtm2560.o
__vector_47                                       ./Servo.o
                                                  /usr/lib/gcc/avr/4.5.3/../../../avr/lib/avr6/crtm2560.o
__vector_48                                       /usr/lib/gcc/avr/4.5.3/../../../avr/lib/avr6/crtm2560.o
__vector_49                                       /usr/lib/gcc/avr/4.5.3/../../../avr/lib/avr6/crtm2560.o
__vector_5                                        /usr/lib/gcc/avr/4.5.3/../../../avr/lib/avr6/crtm2560.o
__vector_50                                       /usr/lib/gcc/avr/4.5.3/../../../avr/lib/avr6/crtm2560.o
__vector_51                                       /home/kranzrm/workspace/MEGA2560_SerialRead/libcore.a(HardwareSerial.cpp.o)
                                                  /usr/lib/gcc/avr/4.5.3/../../../avr/lib/avr6/crtm2560.o
__vector_52                                       /home/kranzrm/workspace/MEGA2560_SerialRead/libcore.a(HardwareSerial.cpp.o)
                                                  /usr/lib/gcc/avr/4.5.3/../../../avr/lib/avr6/crtm2560.o
__vector_53                                       /usr/lib/gcc/avr/4.5.3/../../../avr/lib/avr6/crtm2560.o
__vector_54                                       /home/kranzrm/workspace/MEGA2560_SerialRead/libcore.a(HardwareSerial.cpp.o)
                                                  /usr/lib/gcc/avr/4.5.3/../../../avr/lib/avr6/crtm2560.o
__vector_55                                       /home/kranzrm/workspace/MEGA2560_SerialRead/libcore.a(HardwareSerial.cpp.o)
                                                  /usr/lib/gcc/avr/4.5.3/../../../avr/lib/avr6/crtm2560.o
__vector_56                                       /usr/lib/gcc/avr/4.5.3/../../../avr/lib/avr6/crtm2560.o
__vector_6                                        /usr/lib/gcc/avr/4.5.3/../../../avr/lib/avr6/crtm2560.o
__vector_7                                        /usr/lib/gcc/avr/4.5.3/../../../avr/lib/avr6/crtm2560.o
__vector_8                                        /usr/lib/gcc/avr/4.5.3/../../../avr/lib/avr6/crtm2560.o
__vector_9                                        /usr/lib/gcc/avr/4.5.3/../../../avr/lib/avr6/crtm2560.o
__vector_default                                  /usr/lib/gcc/avr/4.5.3/../../../avr/lib/avr6/crtm2560.o
__vectors                                         /usr/lib/gcc/avr/4.5.3/../../../avr/lib/avr6/crtm2560.o
_div                                              /usr/lib/gcc/avr/4.5.3/avr6/libgcc.a(_divmodhi4.o)
_exit                                             /usr/lib/gcc/avr/4.5.3/avr6/libgcc.a(_exit.o)
atol                                              /usr/lib/gcc/avr/4.5.3/../../../avr/lib/avr6/libc.a(atol.o)
                                                  /home/kranzrm/workspace/MEGA2560_SerialRead/libcore.a(WString.cpp.o)
bRead                                             ./main.o
delay                                             /home/kranzrm/workspace/MEGA2560_SerialRead/libcore.a(wiring.c.o)
delayMicroseconds                                 /home/kranzrm/workspace/MEGA2560_SerialRead/libcore.a(wiring.c.o)
digitalRead                                       /home/kranzrm/workspace/MEGA2560_SerialRead/libcore.a(wiring_digital.c.o)
digitalWrite                                      /home/kranzrm/workspace/MEGA2560_SerialRead/libcore.a(wiring_digital.c.o)
                                                  ./Servo.o
digital_pin_to_bit_mask_PGM                       /home/kranzrm/workspace/MEGA2560_SerialRead/libcore.a(wiring_digital.c.o)
digital_pin_to_port_PGM                           /home/kranzrm/workspace/MEGA2560_SerialRead/libcore.a(wiring_digital.c.o)
digital_pin_to_timer_PGM                          /home/kranzrm/workspace/MEGA2560_SerialRead/libcore.a(wiring_digital.c.o)
drive                                             ./main.o
exit                                              /usr/lib/gcc/avr/4.5.3/avr6/libgcc.a(_exit.o)
                                                  /usr/lib/gcc/avr/4.5.3/../../../avr/lib/avr6/crtm2560.o
free                                              /usr/lib/gcc/avr/4.5.3/../../../avr/lib/avr6/libc.a(malloc.o)
                                                  /usr/lib/gcc/avr/4.5.3/../../../avr/lib/avr6/libc.a(realloc.o)
                                                  /home/kranzrm/workspace/MEGA2560_SerialRead/libcore.a(WString.cpp.o)
                                                  /home/kranzrm/workspace/MEGA2560_SerialRead/libcore.a(new.cpp.o)
inData                                            ./main.o
init                                              /home/kranzrm/workspace/MEGA2560_SerialRead/libcore.a(wiring.c.o)
                                                  ./main.o
isspace                                           /usr/lib/gcc/avr/4.5.3/../../../avr/lib/avr6/libc.a(isspace.o)
                                                  /home/kranzrm/workspace/MEGA2560_SerialRead/libcore.a(WString.cpp.o)
itoa                                              /usr/lib/gcc/avr/4.5.3/../../../avr/lib/avr6/libc.a(itoa.o)
                                                  /home/kranzrm/workspace/MEGA2560_SerialRead/libcore.a(WString.cpp.o)
loop                                              ./main.o
ltoa                                              /usr/lib/gcc/avr/4.5.3/../../../avr/lib/avr6/libc.a(ltoa.o)
                                                  /home/kranzrm/workspace/MEGA2560_SerialRead/libcore.a(WString.cpp.o)
main                                              ./main.o
                                                  /usr/lib/gcc/avr/4.5.3/../../../avr/lib/avr6/crtm2560.o
makeWord(unsigned char, unsigned char)            /home/kranzrm/workspace/MEGA2560_SerialRead/libcore.a(WMath.cpp.o)
makeWord(unsigned int)                            /home/kranzrm/workspace/MEGA2560_SerialRead/libcore.a(WMath.cpp.o)
malloc                                            /usr/lib/gcc/avr/4.5.3/../../../avr/lib/avr6/libc.a(malloc.o)
                                                  /usr/lib/gcc/avr/4.5.3/../../../avr/lib/avr6/libc.a(realloc.o)
                                                  /home/kranzrm/workspace/MEGA2560_SerialRead/libcore.a(new.cpp.o)
map(long, long, long, long, long)                 /home/kranzrm/workspace/MEGA2560_SerialRead/libcore.a(WMath.cpp.o)
                                                  ./main.o
                                                  ./Servo.o
memcpy                                            /usr/lib/gcc/avr/4.5.3/../../../avr/lib/avr6/libc.a(memcpy.o)
                                                  /usr/lib/gcc/avr/4.5.3/../../../avr/lib/avr6/libc.a(memmove.o)
                                                  /usr/lib/gcc/avr/4.5.3/../../../avr/lib/avr6/libc.a(realloc.o)
                                                  /home/kranzrm/workspace/MEGA2560_SerialRead/libcore.a(WString.cpp.o)
memmove                                           /usr/lib/gcc/avr/4.5.3/../../../avr/lib/avr6/libc.a(memmove.o)
                                                  /home/kranzrm/workspace/MEGA2560_SerialRead/libcore.a(WString.cpp.o)
micros                                            /home/kranzrm/workspace/MEGA2560_SerialRead/libcore.a(wiring.c.o)
millis                                            /home/kranzrm/workspace/MEGA2560_SerialRead/libcore.a(wiring.c.o)
                                                  /home/kranzrm/workspace/MEGA2560_SerialRead/libcore.a(Stream.cpp.o)
operator delete(void*)                            /home/kranzrm/workspace/MEGA2560_SerialRead/libcore.a(new.cpp.o)
operator new(unsigned int)                        /home/kranzrm/workspace/MEGA2560_SerialRead/libcore.a(new.cpp.o)
operator+(StringSumHelper const&, String const&)  /home/kranzrm/workspace/MEGA2560_SerialRead/libcore.a(WString.cpp.o)
operator+(StringSumHelper const&, char const*)    /home/kranzrm/workspace/MEGA2560_SerialRead/libcore.a(WString.cpp.o)
operator+(StringSumHelper const&, char)           /home/kranzrm/workspace/MEGA2560_SerialRead/libcore.a(WString.cpp.o)
operator+(StringSumHelper const&, int)            /home/kranzrm/workspace/MEGA2560_SerialRead/libcore.a(WString.cpp.o)
operator+(StringSumHelper const&, long)           /home/kranzrm/workspace/MEGA2560_SerialRead/libcore.a(WString.cpp.o)
operator+(StringSumHelper const&, unsigned char)  /home/kranzrm/workspace/MEGA2560_SerialRead/libcore.a(WString.cpp.o)
operator+(StringSumHelper const&, unsigned int)   /home/kranzrm/workspace/MEGA2560_SerialRead/libcore.a(WString.cpp.o)
operator+(StringSumHelper const&, unsigned long)  /home/kranzrm/workspace/MEGA2560_SerialRead/libcore.a(WString.cpp.o)
pinMode                                           /home/kranzrm/workspace/MEGA2560_SerialRead/libcore.a(wiring_digital.c.o)
                                                  ./Servo.o
port_to_input_PGM                                 /home/kranzrm/workspace/MEGA2560_SerialRead/libcore.a(wiring_digital.c.o)
port_to_mode_PGM                                  /home/kranzrm/workspace/MEGA2560_SerialRead/libcore.a(wiring_digital.c.o)
port_to_output_PGM                                /home/kranzrm/workspace/MEGA2560_SerialRead/libcore.a(wiring_digital.c.o)
processedDriveVal                                 ./main.o
processedSteeringVal                              ./main.o
random                                            /usr/lib/gcc/avr/4.5.3/../../../avr/lib/avr6/libc.a(random.o)
                                                  /home/kranzrm/workspace/MEGA2560_SerialRead/libcore.a(WMath.cpp.o)
random(long)                                      /home/kranzrm/workspace/MEGA2560_SerialRead/libcore.a(WMath.cpp.o)
random(long, long)                                /home/kranzrm/workspace/MEGA2560_SerialRead/libcore.a(WMath.cpp.o)
randomSeed(unsigned int)                          /home/kranzrm/workspace/MEGA2560_SerialRead/libcore.a(WMath.cpp.o)
random_r                                          /usr/lib/gcc/avr/4.5.3/../../../avr/lib/avr6/libc.a(random.o)
rawDriveVal                                       ./main.o
rawSteeringVal                                    ./main.o
realloc                                           /usr/lib/gcc/avr/4.5.3/../../../avr/lib/avr6/libc.a(realloc.o)
                                                  /home/kranzrm/workspace/MEGA2560_SerialRead/libcore.a(WString.cpp.o)
rx_buffer                                         /home/kranzrm/workspace/MEGA2560_SerialRead/libcore.a(HardwareSerial.cpp.o)
rx_buffer1                                        /home/kranzrm/workspace/MEGA2560_SerialRead/libcore.a(HardwareSerial.cpp.o)
rx_buffer2                                        /home/kranzrm/workspace/MEGA2560_SerialRead/libcore.a(HardwareSerial.cpp.o)
rx_buffer3                                        /home/kranzrm/workspace/MEGA2560_SerialRead/libcore.a(HardwareSerial.cpp.o)
serialEvent()                                     /home/kranzrm/workspace/MEGA2560_SerialRead/libcore.a(HardwareSerial.cpp.o)
serialEvent1()                                    /home/kranzrm/workspace/MEGA2560_SerialRead/libcore.a(HardwareSerial.cpp.o)
serialEvent2()                                    /home/kranzrm/workspace/MEGA2560_SerialRead/libcore.a(HardwareSerial.cpp.o)
serialEvent3()                                    /home/kranzrm/workspace/MEGA2560_SerialRead/libcore.a(HardwareSerial.cpp.o)
serialEventRun()                                  /home/kranzrm/workspace/MEGA2560_SerialRead/libcore.a(HardwareSerial.cpp.o)
setup                                             ./main.o
srandom                                           /usr/lib/gcc/avr/4.5.3/../../../avr/lib/avr6/libc.a(random.o)
                                                  /home/kranzrm/workspace/MEGA2560_SerialRead/libcore.a(WMath.cpp.o)
steering                                          ./main.o
store_char(unsigned char, ring_buffer*)           /home/kranzrm/workspace/MEGA2560_SerialRead/libcore.a(HardwareSerial.cpp.o)
strchr                                            /usr/lib/gcc/avr/4.5.3/../../../avr/lib/avr6/libc.a(strchr.o)
                                                  /home/kranzrm/workspace/MEGA2560_SerialRead/libcore.a(WString.cpp.o)
strcmp                                            /usr/lib/gcc/avr/4.5.3/../../../avr/lib/avr6/libc.a(strcmp.o)
                                                  /home/kranzrm/workspace/MEGA2560_SerialRead/libcore.a(WString.cpp.o)
strcpy                                            /usr/lib/gcc/avr/4.5.3/../../../avr/lib/avr6/libc.a(strcpy.o)
                                                  /home/kranzrm/workspace/MEGA2560_SerialRead/libcore.a(WString.cpp.o)
strncmp                                           /usr/lib/gcc/avr/4.5.3/../../../avr/lib/avr6/libc.a(strncmp.o)
                                                  /home/kranzrm/workspace/MEGA2560_SerialRead/libcore.a(WString.cpp.o)
strncpy                                           /usr/lib/gcc/avr/4.5.3/../../../avr/lib/avr6/libc.a(strncpy.o)
                                                  /home/kranzrm/workspace/MEGA2560_SerialRead/libcore.a(WString.cpp.o)
strrchr                                           /usr/lib/gcc/avr/4.5.3/../../../avr/lib/avr6/libc.a(strrchr.o)
                                                  /home/kranzrm/workspace/MEGA2560_SerialRead/libcore.a(WString.cpp.o)
strrev                                            /usr/lib/gcc/avr/4.5.3/../../../avr/lib/avr6/libc.a(strrev.o)
                                                  /usr/lib/gcc/avr/4.5.3/../../../avr/lib/avr6/libc.a(utoa.o)
                                                  /usr/lib/gcc/avr/4.5.3/../../../avr/lib/avr6/libc.a(ultoa.o)
                                                  /usr/lib/gcc/avr/4.5.3/../../../avr/lib/avr6/libc.a(ltoa.o)
                                                  /usr/lib/gcc/avr/4.5.3/../../../avr/lib/avr6/libc.a(itoa.o)
strstr                                            /usr/lib/gcc/avr/4.5.3/../../../avr/lib/avr6/libc.a(strstr.o)
                                                  /home/kranzrm/workspace/MEGA2560_SerialRead/libcore.a(WString.cpp.o)
timer0_millis                                     /home/kranzrm/workspace/MEGA2560_SerialRead/libcore.a(wiring.c.o)
timer0_overflow_count                             /home/kranzrm/workspace/MEGA2560_SerialRead/libcore.a(wiring.c.o)
tolower                                           /usr/lib/gcc/avr/4.5.3/../../../avr/lib/avr6/libc.a(tolower.o)
                                                  /home/kranzrm/workspace/MEGA2560_SerialRead/libcore.a(WString.cpp.o)
toupper                                           /usr/lib/gcc/avr/4.5.3/../../../avr/lib/avr6/libc.a(toupper.o)
                                                  /home/kranzrm/workspace/MEGA2560_SerialRead/libcore.a(WString.cpp.o)
tx_buffer                                         /home/kranzrm/workspace/MEGA2560_SerialRead/libcore.a(HardwareSerial.cpp.o)
tx_buffer1                                        /home/kranzrm/workspace/MEGA2560_SerialRead/libcore.a(HardwareSerial.cpp.o)
tx_buffer2                                        /home/kranzrm/workspace/MEGA2560_SerialRead/libcore.a(HardwareSerial.cpp.o)
tx_buffer3                                        /home/kranzrm/workspace/MEGA2560_SerialRead/libcore.a(HardwareSerial.cpp.o)
ultoa                                             /usr/lib/gcc/avr/4.5.3/../../../avr/lib/avr6/libc.a(ultoa.o)
                                                  /home/kranzrm/workspace/MEGA2560_SerialRead/libcore.a(WString.cpp.o)
utoa                                              /usr/lib/gcc/avr/4.5.3/../../../avr/lib/avr6/libc.a(utoa.o)
                                                  /home/kranzrm/workspace/MEGA2560_SerialRead/libcore.a(WString.cpp.o)
vtable for HardwareSerial                         /home/kranzrm/workspace/MEGA2560_SerialRead/libcore.a(HardwareSerial.cpp.o)
vtable for Print                                  /home/kranzrm/workspace/MEGA2560_SerialRead/libcore.a(Print.cpp.o)
vtable for Stream                                 /home/kranzrm/workspace/MEGA2560_SerialRead/libcore.a(HardwareSerial.cpp.o)
