Archive member included because of file (symbol)

/home/kranzrm/workspace/MEGA2560_Template/libcore.a(wiring_digital.c.o)
                              ./main.o (pinMode)
/home/kranzrm/workspace/MEGA2560_Template/libcore.a(wiring.c.o)
                              ./main.o (delay)
/home/kranzrm/workspace/MEGA2560_Template/libcore.a(Print.cpp.o)
                              ./main.o (_ZN5Print7printlnEPKc)
/home/kranzrm/workspace/MEGA2560_Template/libcore.a(new.cpp.o)
                              /home/kranzrm/workspace/MEGA2560_Template/libcore.a(Print.cpp.o) (__cxa_pure_virtual)
/home/kranzrm/workspace/MEGA2560_Template/libcore.a(HardwareSerial.cpp.o)
                              ./main.o (Serial)
/home/kranzrm/workspace/MEGA2560_Template/libcore.a(WString.cpp.o)
                              /home/kranzrm/workspace/MEGA2560_Template/libcore.a(Print.cpp.o) (_ZNK6StringixEj)
/usr/lib/gcc/avr/4.5.3/../../../avr/lib/avr6/libm.a(addsf3.o)
                              /home/kranzrm/workspace/MEGA2560_Template/libcore.a(Print.cpp.o) (__subsf3)
/usr/lib/gcc/avr/4.5.3/../../../avr/lib/avr6/libm.a(addsf3x.o)
                              /usr/lib/gcc/avr/4.5.3/../../../avr/lib/avr6/libm.a(addsf3.o) (__addsf3x)
/usr/lib/gcc/avr/4.5.3/../../../avr/lib/avr6/libm.a(cmpsf2.o)
                              /home/kranzrm/workspace/MEGA2560_Template/libcore.a(Print.cpp.o) (__ltsf2)
/usr/lib/gcc/avr/4.5.3/../../../avr/lib/avr6/libm.a(divsf3.o)
                              /home/kranzrm/workspace/MEGA2560_Template/libcore.a(Print.cpp.o) (__divsf3)
/usr/lib/gcc/avr/4.5.3/../../../avr/lib/avr6/libm.a(divsf3x.o)
                              /usr/lib/gcc/avr/4.5.3/../../../avr/lib/avr6/libm.a(divsf3.o) (__divsf3x)
/usr/lib/gcc/avr/4.5.3/../../../avr/lib/avr6/libm.a(fixsfsi.o)
                              /home/kranzrm/workspace/MEGA2560_Template/libcore.a(Print.cpp.o) (__fixsfsi)
/usr/lib/gcc/avr/4.5.3/../../../avr/lib/avr6/libm.a(fixunssfsi.o)
                              /home/kranzrm/workspace/MEGA2560_Template/libcore.a(Print.cpp.o) (__fixunssfsi)
/usr/lib/gcc/avr/4.5.3/../../../avr/lib/avr6/libm.a(floatsisf.o)
                              /home/kranzrm/workspace/MEGA2560_Template/libcore.a(Print.cpp.o) (__floatunsisf)
/usr/lib/gcc/avr/4.5.3/../../../avr/lib/avr6/libm.a(fp_cmp.o)
                              /usr/lib/gcc/avr/4.5.3/../../../avr/lib/avr6/libm.a(cmpsf2.o) (__fp_cmp)
/usr/lib/gcc/avr/4.5.3/../../../avr/lib/avr6/libm.a(fp_inf.o)
                              /usr/lib/gcc/avr/4.5.3/../../../avr/lib/avr6/libm.a(addsf3x.o) (__fp_inf)
/usr/lib/gcc/avr/4.5.3/../../../avr/lib/avr6/libm.a(fp_nan.o)
                              /usr/lib/gcc/avr/4.5.3/../../../avr/lib/avr6/libm.a(addsf3x.o) (__fp_nan)
/usr/lib/gcc/avr/4.5.3/../../../avr/lib/avr6/libm.a(fp_pscA.o)
                              /usr/lib/gcc/avr/4.5.3/../../../avr/lib/avr6/libm.a(addsf3x.o) (__fp_pscA)
/usr/lib/gcc/avr/4.5.3/../../../avr/lib/avr6/libm.a(fp_pscB.o)
                              /usr/lib/gcc/avr/4.5.3/../../../avr/lib/avr6/libm.a(addsf3x.o) (__fp_pscB)
/usr/lib/gcc/avr/4.5.3/../../../avr/lib/avr6/libm.a(fp_round.o)
                              /usr/lib/gcc/avr/4.5.3/../../../avr/lib/avr6/libm.a(addsf3.o) (__fp_round)
/usr/lib/gcc/avr/4.5.3/../../../avr/lib/avr6/libm.a(fp_split3.o)
                              /usr/lib/gcc/avr/4.5.3/../../../avr/lib/avr6/libm.a(addsf3x.o) (__fp_split3)
/usr/lib/gcc/avr/4.5.3/../../../avr/lib/avr6/libm.a(fp_zero.o)
                              /usr/lib/gcc/avr/4.5.3/../../../avr/lib/avr6/libm.a(addsf3x.o) (__fp_zero)
/usr/lib/gcc/avr/4.5.3/../../../avr/lib/avr6/libm.a(mulsf3.o)
                              /home/kranzrm/workspace/MEGA2560_Template/libcore.a(Print.cpp.o) (__mulsf3)
/usr/lib/gcc/avr/4.5.3/../../../avr/lib/avr6/libm.a(mulsf3x.o)
                              /usr/lib/gcc/avr/4.5.3/../../../avr/lib/avr6/libm.a(mulsf3.o) (__mulsf3x)
/usr/lib/gcc/avr/4.5.3/avr6/libgcc.a(_divmodhi4.o)
                              ./main.o (__divmodhi4)
/usr/lib/gcc/avr/4.5.3/avr6/libgcc.a(_udivmodsi4.o)
                              /home/kranzrm/workspace/MEGA2560_Template/libcore.a(Print.cpp.o) (__udivmodsi4)
/usr/lib/gcc/avr/4.5.3/avr6/libgcc.a(_exit.o)
                              /usr/lib/gcc/avr/4.5.3/../../../avr/lib/avr6/crtm2560.o (exit)
/usr/lib/gcc/avr/4.5.3/avr6/libgcc.a(_copy_data.o)
                              ./main.o (__do_copy_data)
/usr/lib/gcc/avr/4.5.3/avr6/libgcc.a(_clear_bss.o)
                              /home/kranzrm/workspace/MEGA2560_Template/libcore.a(wiring.c.o) (__do_clear_bss)
/usr/lib/gcc/avr/4.5.3/avr6/libgcc.a(_ctors.o)
                              /home/kranzrm/workspace/MEGA2560_Template/libcore.a(HardwareSerial.cpp.o) (__do_global_ctors)
/usr/lib/gcc/avr/4.5.3/avr6/libgcc.a(_udivmodhi4.o)
                              /usr/lib/gcc/avr/4.5.3/avr6/libgcc.a(_divmodhi4.o) (__udivmodhi4)
/usr/lib/gcc/avr/4.5.3/avr6/libgcc.a(_tablejump_elpm.o)
[...]
Memory Configuration

Name             Origin             Length             Attributes
text             0x0000000000000000 0x0000000000100000 xr
data             0x0000000000800200 0x000000000000fe00 rw !x
eeprom           0x0000000000810000 0x0000000000010000 rw !x
fuse             0x0000000000820000 0x0000000000000400 rw !x
lock             0x0000000000830000 0x0000000000000400 rw !x
signature        0x0000000000840000 0x0000000000000400 rw !x
*default*        0x0000000000000000 0xffffffffffffffff

Linker script and memory map

Address of section .data set to 0x800200
LOAD /usr/lib/gcc/avr/4.5.3/../../../avr/lib/avr6/crtm2560.o
LOAD ./main.o
LOAD /home/kranzrm/workspace/MEGA2560_Template/libcore.a
LOAD /usr/lib/gcc/avr/4.5.3/../../../avr/lib/avr6/libm.a
LOAD /usr/lib/gcc/avr/4.5.3/../../../avr/lib/avr6/libm.a
LOAD /usr/lib/gcc/avr/4.5.3/avr6/libgcc.a
LOAD /usr/lib/gcc/avr/4.5.3/../../../avr/lib/avr6/libc.a
LOAD /usr/lib/gcc/avr/4.5.3/avr6/libgcc.a

.hash
 *(.hash)

.dynsym
 *(.dynsym)

.dynstr
 *(.dynstr)

.gnu.version
 *(.gnu.version)

.gnu.version_d
 *(.gnu.version_d)

.gnu.version_r
 *(.gnu.version_r)

.rel.init
 *(.rel.init)

.rela.init
 *(.rela.init)

.rel.text
 *(.rel.text)
 *(.rel.text.*)
 *(.rel.gnu.linkonce.t*)

.rela.text
 *(.rela.text)
 *(.rela.text.*)
 *(.rela.gnu.linkonce.t*)

.rel.fini
 *(.rel.fini)

.rela.fini
 *(.rela.fini)

.rel.rodata
 *(.rel.rodata)
 *(.rel.rodata.*)
 *(.rel.gnu.linkonce.r*)

.rela.rodata
 *(.rela.rodata)
 *(.rela.rodata.*)
 *(.rela.gnu.linkonce.r*)

.rel.data
 *(.rel.data)
 *(.rel.data.*)
 *(.rel.gnu.linkonce.d*)

.rela.data
 *(.rela.data)
 *(.rela.data.*)
 *(.rela.gnu.linkonce.d*)

.rel.ctors
 *(.rel.ctors)

.rela.ctors
 *(.rela.ctors)

.rel.dtors
 *(.rel.dtors)

.rela.dtors
 *(.rela.dtors)

.rel.got
 *(.rel.got)

.rela.got
 *(.rela.got)

.rel.bss
 *(.rel.bss)

.rela.bss
 *(.rela.bss)

.rel.plt
 *(.rel.plt)

.rela.plt
 *(.rela.plt)

.text           0x0000000000000000     0x101c
 *(.vectors)
 .vectors       0x0000000000000000       0xe4 /usr/lib/gcc/avr/4.5.3/../../../avr/lib/avr6/crtm2560.o
                0x0000000000000000                __vectors
                0x0000000000000000                __vector_default
 *(.vectors)
 *(.progmem.gcc*)
 *(.progmem*)
 .progmem.data  0x00000000000000e4      0x120 /home/kranzrm/workspace/MEGA2560_Template/libcore.a(wiring_digital.c.o)
                0x00000000000000e4                port_to_mode_PGM
                0x00000000000000fe                port_to_output_PGM
                0x0000000000000118                port_to_input_PGM
                0x0000000000000132                digital_pin_to_port_PGM
                0x0000000000000178                digital_pin_to_bit_mask_PGM
                0x00000000000001be                digital_pin_to_timer_PGM
                0x0000000000000204                . = ALIGN (0x2)
                0x0000000000000204                __trampolines_start = .
 *(.trampolines)
 .trampolines   0x0000000000000204        0x0 linker stubs
 *(.trampolines*)
                0x0000000000000204                __trampolines_end = .
 *(.jumptables)
 *(.jumptables*)
 *(.lowtext)
 *(.lowtext*)
                0x0000000000000204                __ctors_start = .
 *(.ctors)
 .ctors         0x0000000000000204        0x2 /home/kranzrm/workspace/MEGA2560_Template/libcore.a(HardwareSerial.cpp.o)
                0x0000000000000206                __ctors_end = .
                0x0000000000000206                __dtors_start = .
 *(.dtors)
                0x0000000000000206                __dtors_end = .
 SORT(*)(.ctors)
 SORT(*)(.dtors)
 *(.init0)
 .init0         0x0000000000000206        0x0 /usr/lib/gcc/avr/4.5.3/../../../avr/lib/avr6/crtm2560.o
                0x0000000000000206                __init
 *(.init0)
 *(.init1)
 *(.init1)
 *(.init2)
 .init2         0x0000000000000206       0x10 /usr/lib/gcc/avr/4.5.3/../../../avr/lib/avr6/crtm2560.o
 *(.init2)
 *(.init3)
 *(.init3)
 *(.init4)
 .init4         0x0000000000000216       0x1a /usr/lib/gcc/avr/4.5.3/avr6/libgcc.a(_copy_data.o)
                0x0000000000000216                __do_copy_data
 .init4         0x0000000000000230       0x10 /usr/lib/gcc/avr/4.5.3/avr6/libgcc.a(_clear_bss.o)
                0x0000000000000230                __do_clear_bss
 *(.init4)
 *(.init5)
 *(.init5)
 *(.init6)
 .init6         0x0000000000000240       0x20 /usr/lib/gcc/avr/4.5.3/avr6/libgcc.a(_ctors.o)
                0x0000000000000240                __do_global_ctors
 *(.init6)
 *(.init7)
 *(.init7)
 *(.init8)
 *(.init8)
 *(.init9)
 .init9         0x0000000000000260        0x8 /usr/lib/gcc/avr/4.5.3/../../../avr/lib/avr6/crtm2560.o
 *(.init9)
 *(.text)
 .text          0x0000000000000268        0x4 /usr/lib/gcc/avr/4.5.3/../../../avr/lib/avr6/crtm2560.o
                0x0000000000000268                __vector_38
                0x0000000000000268                __vector_22
                0x0000000000000268                __vector_28
                0x0000000000000268                __vector_1
                0x0000000000000268                __vector_32
                0x0000000000000268                __vector_34
                0x0000000000000268                __vector_24
                0x0000000000000268                __vector_12
                0x0000000000000268                __vector_46
                0x0000000000000268                __bad_interrupt
                0x0000000000000268                __vector_6
                0x0000000000000268                __vector_31
                0x0000000000000268                __vector_35
                0x0000000000000268                __vector_39
                0x0000000000000268                __vector_3
                0x0000000000000268                __vector_30
                0x0000000000000268                __vector_45
                0x0000000000000268                __vector_11
                0x0000000000000268                __vector_13
                0x0000000000000268                __vector_17
                0x0000000000000268                __vector_19
                0x0000000000000268                __vector_56
                0x0000000000000268                __vector_7
                0x0000000000000268                __vector_49
                0x0000000000000268                __vector_41
                0x0000000000000268                __vector_43
                0x0000000000000268                __vector_27
                0x0000000000000268                __vector_5
                0x0000000000000268                __vector_33
                0x0000000000000268                __vector_47
                0x0000000000000268                __vector_4
                0x0000000000000268                __vector_44
                0x0000000000000268                __vector_9
                0x0000000000000268                __vector_2
                0x0000000000000268                __vector_21
                0x0000000000000268                __vector_15
                0x0000000000000268                __vector_29
                0x0000000000000268                __vector_40
                0x0000000000000268                __vector_8
                0x0000000000000268                __vector_48
                0x0000000000000268                __vector_14
                0x0000000000000268                __vector_53
                0x0000000000000268                __vector_10
                0x0000000000000268                __vector_50
                0x0000000000000268                __vector_16
                0x0000000000000268                __vector_18
                0x0000000000000268                __vector_20
                0x0000000000000268                __vector_42
                0x000000000000026c                . = ALIGN (0x2)
 *(.text.*)
 .text.setup    0x000000000000026c       0x4c ./main.o
                0x000000000000026c                setup
 .text._Z5blinkii
                0x00000000000002b8       0x6a ./main.o
                0x00000000000002b8                _Z5blinkii
 .text.loop     0x0000000000000322       0x1a ./main.o
                0x0000000000000322                loop
 .text.main     0x000000000000033c        0xe ./main.o
                0x000000000000033c                main
 .text.turnOffPWM
                0x000000000000034a       0xe8 /home/kranzrm/workspace/MEGA2560_Template/libcore.a(wiring_digital.c.o)
 .text.pinMode  0x0000000000000432       0x48 /home/kranzrm/workspace/MEGA2560_Template/libcore.a(wiring_digital.c.o)
                0x0000000000000432                pinMode
 .text.digitalWrite
                0x000000000000047a       0x70 /home/kranzrm/workspace/MEGA2560_Template/libcore.a(wiring_digital.c.o)
                0x000000000000047a                digitalWrite
 .text.__vector_23
                0x00000000000004ea       0x90 /home/kranzrm/workspace/MEGA2560_Template/libcore.a(wiring.c.o)
                0x00000000000004ea                __vector_23
 .text.micros   0x000000000000057a       0x4c /home/kranzrm/workspace/MEGA2560_Template/libcore.a(wiring.c.o)
                0x000000000000057a                micros
 .text.delay    0x00000000000005c6       0x4e /home/kranzrm/workspace/MEGA2560_Template/libcore.a(wiring.c.o)
                0x00000000000005c6                delay
 .text.init     0x0000000000000614       0xc4 /home/kranzrm/workspace/MEGA2560_Template/libcore.a(wiring.c.o)
                0x0000000000000614                init
 .text._ZN5Print5writeEPKhj
                0x00000000000006d8       0x54 /home/kranzrm/workspace/MEGA2560_Template/libcore.a(Print.cpp.o)
                0x00000000000006d8                _ZN5Print5writeEPKhj
 .text._ZN5Print5writeEPKc
                0x000000000000072c       0x22 /home/kranzrm/workspace/MEGA2560_Template/libcore.a(Print.cpp.o)
                0x000000000000072c                _ZN5Print5writeEPKc
 .text._ZN5Print5printEc
                0x000000000000074e       0x10 /home/kranzrm/workspace/MEGA2560_Template/libcore.a(Print.cpp.o)
                0x000000000000074e                _ZN5Print5printEc
 .text._ZN5Print7printlnEv
                0x000000000000075e       0x2a /home/kranzrm/workspace/MEGA2560_Template/libcore.a(Print.cpp.o)
                0x000000000000075e                _ZN5Print7printlnEv
 .text._ZN5Print7printlnEPKc
                0x0000000000000788       0x26 /home/kranzrm/workspace/MEGA2560_Template/libcore.a(Print.cpp.o)
                0x0000000000000788                _ZN5Print7printlnEPKc
 .text._ZN14HardwareSerial9availableEv
                0x00000000000007ae       0x26 /home/kranzrm/workspace/MEGA2560_Template/libcore.a(HardwareSerial.cpp.o)
                0x00000000000007ae                _ZN14HardwareSerial9availableEv
 .text._ZN14HardwareSerial4peekEv
                0x00000000000007d4       0x38 /home/kranzrm/workspace/MEGA2560_Template/libcore.a(HardwareSerial.cpp.o)
                0x00000000000007d4                _ZN14HardwareSerial4peekEv
 .text._ZN14HardwareSerial4readEv
                0x000000000000080c       0x44 /home/kranzrm/workspace/MEGA2560_Template/libcore.a(HardwareSerial.cpp.o)
                0x000000000000080c                _ZN14HardwareSerial4readEv
 .text._ZN14HardwareSerial5flushEv
                0x0000000000000850       0x28 /home/kranzrm/workspace/MEGA2560_Template/libcore.a(HardwareSerial.cpp.o)
                0x0000000000000850                _ZN14HardwareSerial5flushEv
 .text._ZN14HardwareSerial5writeEh
                0x0000000000000878       0x72 /home/kranzrm/workspace/MEGA2560_Template/libcore.a(HardwareSerial.cpp.o)
                0x0000000000000878                _ZN14HardwareSerial5writeEh
 .text._Z10store_charhP11ring_buffer
                0x00000000000008ea       0x34 /home/kranzrm/workspace/MEGA2560_Template/libcore.a(HardwareSerial.cpp.o)
                0x00000000000008ea                _Z10store_charhP11ring_buffer
 .text.__vector_25
                0x000000000000091e       0x58 /home/kranzrm/workspace/MEGA2560_Template/libcore.a(HardwareSerial.cpp.o)
                0x000000000000091e                __vector_25
 .text.__vector_36
                0x0000000000000976       0x58 /home/kranzrm/workspace/MEGA2560_Template/libcore.a(HardwareSerial.cpp.o)
                0x0000000000000976                __vector_36
 .text.__vector_51
                0x00000000000009ce       0x58 /home/kranzrm/workspace/MEGA2560_Template/libcore.a(HardwareSerial.cpp.o)
                0x00000000000009ce                __vector_51
 .text.__vector_54
                0x0000000000000a26       0x58 /home/kranzrm/workspace/MEGA2560_Template/libcore.a(HardwareSerial.cpp.o)
                0x0000000000000a26                __vector_54
 .text.__vector_26
                0x0000000000000a7e       0x96 /home/kranzrm/workspace/MEGA2560_Template/libcore.a(HardwareSerial.cpp.o)
                0x0000000000000a7e                __vector_26
 .text.__vector_37
                0x0000000000000b14       0x96 /home/kranzrm/workspace/MEGA2560_Template/libcore.a(HardwareSerial.cpp.o)
                0x0000000000000b14                __vector_37
 .text.__vector_52
                0x0000000000000baa       0x96 /home/kranzrm/workspace/MEGA2560_Template/libcore.a(HardwareSerial.cpp.o)
                0x0000000000000baa                __vector_52
 .text.__vector_55
                0x0000000000000c40       0x96 /home/kranzrm/workspace/MEGA2560_Template/libcore.a(HardwareSerial.cpp.o)
                0x0000000000000c40                __vector_55
 .text._ZN14HardwareSerial5beginEm
                0x0000000000000cd6       0xfc /home/kranzrm/workspace/MEGA2560_Template/libcore.a(HardwareSerial.cpp.o)
                0x0000000000000cd6                _ZN14HardwareSerial5beginEm
 .text._GLOBAL__I_rx_buffer
                0x0000000000000dd2      0x1ac /home/kranzrm/workspace/MEGA2560_Template/libcore.a(HardwareSerial.cpp.o)
 .text.libgcc   0x0000000000000f7e       0x26 /usr/lib/gcc/avr/4.5.3/avr6/libgcc.a(_divmodhi4.o)
                0x0000000000000f7e                __divmodhi4
                0x0000000000000f7e                _div
 .text.libgcc   0x0000000000000fa4       0x44 /usr/lib/gcc/avr/4.5.3/avr6/libgcc.a(_udivmodsi4.o)
                0x0000000000000fa4                __udivmodsi4
 .text.libgcc   0x0000000000000fe8       0x28 /usr/lib/gcc/avr/4.5.3/avr6/libgcc.a(_udivmodhi4.o)
                0x0000000000000fe8                __udivmodhi4
 .text.libgcc   0x0000000000001010        0x8 /usr/lib/gcc/avr/4.5.3/avr6/libgcc.a(_tablejump_elpm.o)
                0x0000000000001010                __tablejump_elpm__
                0x0000000000001018                . = ALIGN (0x2)
 *(.fini9)
 .fini9         0x0000000000001018        0x0 /usr/lib/gcc/avr/4.5.3/avr6/libgcc.a(_exit.o)
                0x0000000000001018                exit
                0x0000000000001018                _exit
 *(.fini9)
 *(.fini8)
 *(.fini8)
 *(.fini7)
 *(.fini7)
 *(.fini6)
 *(.fini6)
 *(.fini5)
 *(.fini5)
 *(.fini4)
 *(.fini4)
 *(.fini3)
 *(.fini3)
 *(.fini2)
 *(.fini2)
 *(.fini1)
 *(.fini1)
 *(.fini0)
 .fini0         0x0000000000001018        0x4 /usr/lib/gcc/avr/4.5.3/avr6/libgcc.a(_exit.o)
 *(.fini0)
                0x000000000000101c                _etext = .

.data           0x0000000000800200       0x38 load address 0x000000000000101c
                0x0000000000800200                PROVIDE (__data_start, .)
 *(.data)
 .data          0x0000000000800200       0x25 ./main.o
 *(.data*)
 .data.ledPin   0x0000000000800225        0x2 ./main.o
                0x0000000000800225                ledPin
 *(.rodata)
 *(.rodata*)
 .rodata._ZTV14HardwareSerial
                0x0000000000800227       0x10 /home/kranzrm/workspace/MEGA2560_Template/libcore.a(HardwareSerial.cpp.o)
                0x0000000000800227                _ZTV14HardwareSerial
 *(.gnu.linkonce.d*)
                0x0000000000800238                . = ALIGN (0x2)
 *fill*         0x0000000000800237        0x1 00
                0x0000000000800238                _edata = .
                0x0000000000800238                PROVIDE (__data_end, .)

.bss            0x0000000000800238      0x2a5
                0x0000000000800238                PROVIDE (__bss_start, .)
 *(.bss)
 *(.bss*)
 .bss.timer0_overflow_count
                0x0000000000800238        0x4 /home/kranzrm/workspace/MEGA2560_Template/libcore.a(wiring.c.o)
                0x0000000000800238                timer0_overflow_count
 .bss.timer0_millis
                0x000000000080023c        0x4 /home/kranzrm/workspace/MEGA2560_Template/libcore.a(wiring.c.o)
                0x000000000080023c                timer0_millis
 .bss.timer0_fract
                0x0000000000800240        0x1 /home/kranzrm/workspace/MEGA2560_Template/libcore.a(wiring.c.o)
 .bss.rx_buffer
                0x0000000000800241       0x44 /home/kranzrm/workspace/MEGA2560_Template/libcore.a(HardwareSerial.cpp.o)
                0x0000000000800241                rx_buffer
 .bss.tx_buffer
                0x0000000000800285       0x44 /home/kranzrm/workspace/MEGA2560_Template/libcore.a(HardwareSerial.cpp.o)
                0x0000000000800285                tx_buffer
 .bss.rx_buffer1
                0x00000000008002c9       0x44 /home/kranzrm/workspace/MEGA2560_Template/libcore.a(HardwareSerial.cpp.o)
                0x00000000008002c9                rx_buffer1
 .bss.tx_buffer1
                0x000000000080030d       0x44 /home/kranzrm/workspace/MEGA2560_Template/libcore.a(HardwareSerial.cpp.o)
                0x000000000080030d                tx_buffer1
 .bss.rx_buffer2
                0x0000000000800351       0x44 /home/kranzrm/workspace/MEGA2560_Template/libcore.a(HardwareSerial.cpp.o)
                0x0000000000800351                rx_buffer2
 .bss.tx_buffer2
                0x0000000000800395       0x44 /home/kranzrm/workspace/MEGA2560_Template/libcore.a(HardwareSerial.cpp.o)
                0x0000000000800395                tx_buffer2
 .bss.rx_buffer3
                0x00000000008003d9       0x44 /home/kranzrm/workspace/MEGA2560_Template/libcore.a(HardwareSerial.cpp.o)
                0x00000000008003d9                rx_buffer3
 .bss.tx_buffer3
                0x000000000080041d       0x44 /home/kranzrm/workspace/MEGA2560_Template/libcore.a(HardwareSerial.cpp.o)
                0x000000000080041d                tx_buffer3
 .bss.Serial    0x0000000000800461       0x1f /home/kranzrm/workspace/MEGA2560_Template/libcore.a(HardwareSerial.cpp.o)
                0x0000000000800461                Serial
 .bss.Serial1   0x0000000000800480       0x1f /home/kranzrm/workspace/MEGA2560_Template/libcore.a(HardwareSerial.cpp.o)
                0x0000000000800480                Serial1
 .bss.Serial2   0x000000000080049f       0x1f /home/kranzrm/workspace/MEGA2560_Template/libcore.a(HardwareSerial.cpp.o)
                0x000000000080049f                Serial2
 .bss.Serial3   0x00000000008004be       0x1f /home/kranzrm/workspace/MEGA2560_Template/libcore.a(HardwareSerial.cpp.o)
                0x00000000008004be                Serial3
 *(COMMON)
                0x00000000008004dd                PROVIDE (__bss_end, .)
                0x000000000000101c                __data_load_start = LOADADDR (.data)
                0x0000000000001054                __data_load_end = (__data_load_start + SIZEOF (.data))

.noinit         0x00000000008004dd        0x0
                0x00000000008004dd                PROVIDE (__noinit_start, .)
 *(.noinit*)
                0x00000000008004dd                PROVIDE (__noinit_end, .)
                0x00000000008004dd                _end = .
                0x00000000008004dd                PROVIDE (__heap_start, .)

.eeprom         0x0000000000810000        0x0
 *(.eeprom*)
                0x0000000000810000                __eeprom_end = .

.fuse
 *(.fuse)
 *(.lfuse)
 *(.hfuse)
 *(.efuse)

.lock
 *(.lock*)

.signature
 *(.signature*)

.stab
 *(.stab)

.stabstr
 *(.stabstr)

.stab.excl
 *(.stab.excl)

.stab.exclstr
 *(.stab.exclstr)

.stab.index
 *(.stab.index)

.stab.indexstr
 *(.stab.indexstr)

.comment
 *(.comment)

.debug
 *(.debug)

.line
 *(.line)

.debug_srcinfo
 *(.debug_srcinfo)

.debug_sfnames
 *(.debug_sfnames)

.debug_aranges
 *(.debug_aranges)

.debug_pubnames
 *(.debug_pubnames)

.debug_info
 *(.debug_info)
 *(.gnu.linkonce.wi.*)

.debug_abbrev
 *(.debug_abbrev)

.debug_line
 *(.debug_line)

.debug_frame
 *(.debug_frame)

.debug_str
 *(.debug_str)

.debug_loc
 *(.debug_loc)

.debug_macinfo
 *(.debug_macinfo)
OUTPUT(MEGA2560_Template.elf elf32-avr)
LOAD linker stubs

Cross Reference Table

Symbol                                            File
HardwareSerial::HardwareSerial(ring_buffer*, ring_buffer*, unsigned char volatile*, unsigned char volatile*, unsigned char volatile*, unsigned char volatile*, unsigned char volatile*, unsigned char, unsigned char, unsigned char, unsigned char, unsigned char) /home/kranzrm/workspace/MEGA2560_Template/libcore.a(HardwareSerial.cpp.o)
HardwareSerial::HardwareSerial(ring_buffer*, ring_buffer*, unsigned char volatile*, unsigned char volatile*, unsigned char volatile*, unsigned char volatile*, unsigned char volatile*, unsigned char, unsigned char, unsigned char, unsigned char, unsigned char) /home/kranzrm/workspace/MEGA2560_Template/libcore.a(HardwareSerial.cpp.o)
HardwareSerial::available()                       /home/kranzrm/workspace/MEGA2560_Template/libcore.a(HardwareSerial.cpp.o)
HardwareSerial::begin(unsigned long)              /home/kranzrm/workspace/MEGA2560_Template/libcore.a(HardwareSerial.cpp.o)
                                                  ./main.o
HardwareSerial::end()                             /home/kranzrm/workspace/MEGA2560_Template/libcore.a(HardwareSerial.cpp.o)
HardwareSerial::flush()                           /home/kranzrm/workspace/MEGA2560_Template/libcore.a(HardwareSerial.cpp.o)
HardwareSerial::peek()                            /home/kranzrm/workspace/MEGA2560_Template/libcore.a(HardwareSerial.cpp.o)
HardwareSerial::read()                            /home/kranzrm/workspace/MEGA2560_Template/libcore.a(HardwareSerial.cpp.o)
HardwareSerial::write(unsigned char)              /home/kranzrm/workspace/MEGA2560_Template/libcore.a(HardwareSerial.cpp.o)
Print::print(Printable const&)                    /home/kranzrm/workspace/MEGA2560_Template/libcore.a(Print.cpp.o)
Print::print(String const&)                       /home/kranzrm/workspace/MEGA2560_Template/libcore.a(Print.cpp.o)
Print::print(__FlashStringHelper const*)          /home/kranzrm/workspace/MEGA2560_Template/libcore.a(Print.cpp.o)
Print::print(char const*)                         /home/kranzrm/workspace/MEGA2560_Template/libcore.a(Print.cpp.o)
Print::print(char)                                /home/kranzrm/workspace/MEGA2560_Template/libcore.a(Print.cpp.o)
Print::print(double, int)                         /home/kranzrm/workspace/MEGA2560_Template/libcore.a(Print.cpp.o)
Print::print(int, int)                            /home/kranzrm/workspace/MEGA2560_Template/libcore.a(Print.cpp.o)
Print::print(long, int)                           /home/kranzrm/workspace/MEGA2560_Template/libcore.a(Print.cpp.o)
Print::print(unsigned char, int)                  /home/kranzrm/workspace/MEGA2560_Template/libcore.a(Print.cpp.o)
Print::print(unsigned int, int)                   /home/kranzrm/workspace/MEGA2560_Template/libcore.a(Print.cpp.o)
Print::print(unsigned long, int)                  /home/kranzrm/workspace/MEGA2560_Template/libcore.a(Print.cpp.o)
Print::printFloat(double, unsigned char)          /home/kranzrm/workspace/MEGA2560_Template/libcore.a(Print.cpp.o)
Print::printNumber(unsigned long, unsigned char)  /home/kranzrm/workspace/MEGA2560_Template/libcore.a(Print.cpp.o)
Print::println()                                  /home/kranzrm/workspace/MEGA2560_Template/libcore.a(Print.cpp.o)
Print::println(Printable const&)                  /home/kranzrm/workspace/MEGA2560_Template/libcore.a(Print.cpp.o)
Print::println(String const&)                     /home/kranzrm/workspace/MEGA2560_Template/libcore.a(Print.cpp.o)
Print::println(__FlashStringHelper const*)        /home/kranzrm/workspace/MEGA2560_Template/libcore.a(Print.cpp.o)
Print::println(char const*)                       /home/kranzrm/workspace/MEGA2560_Template/libcore.a(Print.cpp.o)
                                                  ./main.o
Print::println(char)                              /home/kranzrm/workspace/MEGA2560_Template/libcore.a(Print.cpp.o)
Print::println(double, int)                       /home/kranzrm/workspace/MEGA2560_Template/libcore.a(Print.cpp.o)
Print::println(int, int)                          /home/kranzrm/workspace/MEGA2560_Template/libcore.a(Print.cpp.o)
Print::println(long, int)                         /home/kranzrm/workspace/MEGA2560_Template/libcore.a(Print.cpp.o)
Print::println(unsigned char, int)                /home/kranzrm/workspace/MEGA2560_Template/libcore.a(Print.cpp.o)
Print::println(unsigned int, int)                 /home/kranzrm/workspace/MEGA2560_Template/libcore.a(Print.cpp.o)
Print::println(unsigned long, int)                /home/kranzrm/workspace/MEGA2560_Template/libcore.a(Print.cpp.o)
Print::write(char const*)                         /home/kranzrm/workspace/MEGA2560_Template/libcore.a(Print.cpp.o)
Print::write(unsigned char const*, unsigned int)  /home/kranzrm/workspace/MEGA2560_Template/libcore.a(Print.cpp.o)
                                                  /home/kranzrm/workspace/MEGA2560_Template/libcore.a(HardwareSerial.cpp.o)
Serial                                            /home/kranzrm/workspace/MEGA2560_Template/libcore.a(HardwareSerial.cpp.o)
                                                  ./main.o
Serial1                                           /home/kranzrm/workspace/MEGA2560_Template/libcore.a(HardwareSerial.cpp.o)
Serial2                                           /home/kranzrm/workspace/MEGA2560_Template/libcore.a(HardwareSerial.cpp.o)
Serial3                                           /home/kranzrm/workspace/MEGA2560_Template/libcore.a(HardwareSerial.cpp.o)
String::String(String const&)                     /home/kranzrm/workspace/MEGA2560_Template/libcore.a(WString.cpp.o)
String::String(String const&)                     /home/kranzrm/workspace/MEGA2560_Template/libcore.a(WString.cpp.o)
String::String(char const*)                       /home/kranzrm/workspace/MEGA2560_Template/libcore.a(WString.cpp.o)
String::String(char const*)                       /home/kranzrm/workspace/MEGA2560_Template/libcore.a(WString.cpp.o)
String::String(char)                              /home/kranzrm/workspace/MEGA2560_Template/libcore.a(WString.cpp.o)
String::String(char)                              /home/kranzrm/workspace/MEGA2560_Template/libcore.a(WString.cpp.o)
String::String(int, unsigned char)                /home/kranzrm/workspace/MEGA2560_Template/libcore.a(WString.cpp.o)
String::String(int, unsigned char)                /home/kranzrm/workspace/MEGA2560_Template/libcore.a(WString.cpp.o)
String::String(long, unsigned char)               /home/kranzrm/workspace/MEGA2560_Template/libcore.a(WString.cpp.o)
String::String(long, unsigned char)               /home/kranzrm/workspace/MEGA2560_Template/libcore.a(WString.cpp.o)
String::String(unsigned char, unsigned char)      /home/kranzrm/workspace/MEGA2560_Template/libcore.a(WString.cpp.o)
String::String(unsigned char, unsigned char)      /home/kranzrm/workspace/MEGA2560_Template/libcore.a(WString.cpp.o)
String::String(unsigned int, unsigned char)       /home/kranzrm/workspace/MEGA2560_Template/libcore.a(WString.cpp.o)
String::String(unsigned int, unsigned char)       /home/kranzrm/workspace/MEGA2560_Template/libcore.a(WString.cpp.o)
String::String(unsigned long, unsigned char)      /home/kranzrm/workspace/MEGA2560_Template/libcore.a(WString.cpp.o)
String::String(unsigned long, unsigned char)      /home/kranzrm/workspace/MEGA2560_Template/libcore.a(WString.cpp.o)
String::changeBuffer(unsigned int)                /home/kranzrm/workspace/MEGA2560_Template/libcore.a(WString.cpp.o)
String::charAt(unsigned int) const                /home/kranzrm/workspace/MEGA2560_Template/libcore.a(WString.cpp.o)
String::compareTo(String const&) const            /home/kranzrm/workspace/MEGA2560_Template/libcore.a(WString.cpp.o)
String::concat(String const&)                     /home/kranzrm/workspace/MEGA2560_Template/libcore.a(WString.cpp.o)
String::concat(char const*)                       /home/kranzrm/workspace/MEGA2560_Template/libcore.a(WString.cpp.o)
String::concat(char const*, unsigned int)         /home/kranzrm/workspace/MEGA2560_Template/libcore.a(WString.cpp.o)
String::concat(char)                              /home/kranzrm/workspace/MEGA2560_Template/libcore.a(WString.cpp.o)
String::concat(int)                               /home/kranzrm/workspace/MEGA2560_Template/libcore.a(WString.cpp.o)
String::concat(long)                              /home/kranzrm/workspace/MEGA2560_Template/libcore.a(WString.cpp.o)
String::concat(unsigned char)                     /home/kranzrm/workspace/MEGA2560_Template/libcore.a(WString.cpp.o)
String::concat(unsigned int)                      /home/kranzrm/workspace/MEGA2560_Template/libcore.a(WString.cpp.o)
String::concat(unsigned long)                     /home/kranzrm/workspace/MEGA2560_Template/libcore.a(WString.cpp.o)
String::copy(char const*, unsigned int)           /home/kranzrm/workspace/MEGA2560_Template/libcore.a(WString.cpp.o)
String::endsWith(String const&) const             /home/kranzrm/workspace/MEGA2560_Template/libcore.a(WString.cpp.o)
String::equals(String const&) const               /home/kranzrm/workspace/MEGA2560_Template/libcore.a(WString.cpp.o)
String::equals(char const*) const                 /home/kranzrm/workspace/MEGA2560_Template/libcore.a(WString.cpp.o)
String::equalsIgnoreCase(String const&) const     /home/kranzrm/workspace/MEGA2560_Template/libcore.a(WString.cpp.o)
String::getBytes(unsigned char*, unsigned int, unsigned int) const /home/kranzrm/workspace/MEGA2560_Template/libcore.a(WString.cpp.o)
String::indexOf(String const&) const              /home/kranzrm/workspace/MEGA2560_Template/libcore.a(WString.cpp.o)
String::indexOf(String const&, unsigned int) const /home/kranzrm/workspace/MEGA2560_Template/libcore.a(WString.cpp.o)
String::indexOf(char) const                       /home/kranzrm/workspace/MEGA2560_Template/libcore.a(WString.cpp.o)
String::indexOf(char, unsigned int) const         /home/kranzrm/workspace/MEGA2560_Template/libcore.a(WString.cpp.o)
String::invalidate()                              /home/kranzrm/workspace/MEGA2560_Template/libcore.a(WString.cpp.o)
String::lastIndexOf(String const&) const          /home/kranzrm/workspace/MEGA2560_Template/libcore.a(WString.cpp.o)
String::lastIndexOf(String const&, unsigned int) const /home/kranzrm/workspace/MEGA2560_Template/libcore.a(WString.cpp.o)
String::lastIndexOf(char) const                   /home/kranzrm/workspace/MEGA2560_Template/libcore.a(WString.cpp.o)
String::lastIndexOf(char, unsigned int) const     /home/kranzrm/workspace/MEGA2560_Template/libcore.a(WString.cpp.o)
String::operator<(String const&) const            /home/kranzrm/workspace/MEGA2560_Template/libcore.a(WString.cpp.o)
String::operator<=(String const&) const           /home/kranzrm/workspace/MEGA2560_Template/libcore.a(WString.cpp.o)
String::operator=(String const&)                  /home/kranzrm/workspace/MEGA2560_Template/libcore.a(WString.cpp.o)
String::operator=(char const*)                    /home/kranzrm/workspace/MEGA2560_Template/libcore.a(WString.cpp.o)
String::operator>(String const&) const            /home/kranzrm/workspace/MEGA2560_Template/libcore.a(WString.cpp.o)
String::operator>=(String const&) const           /home/kranzrm/workspace/MEGA2560_Template/libcore.a(WString.cpp.o)
String::operator[](unsigned int)                  /home/kranzrm/workspace/MEGA2560_Template/libcore.a(WString.cpp.o)
String::operator[](unsigned int) const            /home/kranzrm/workspace/MEGA2560_Template/libcore.a(WString.cpp.o)
                                                  /home/kranzrm/workspace/MEGA2560_Template/libcore.a(Print.cpp.o)
String::replace(String const&, String const&)     /home/kranzrm/workspace/MEGA2560_Template/libcore.a(WString.cpp.o)
String::replace(char, char)                       /home/kranzrm/workspace/MEGA2560_Template/libcore.a(WString.cpp.o)
String::reserve(unsigned int)                     /home/kranzrm/workspace/MEGA2560_Template/libcore.a(WString.cpp.o)
String::setCharAt(unsigned int, char)             /home/kranzrm/workspace/MEGA2560_Template/libcore.a(WString.cpp.o)
String::startsWith(String const&) const           /home/kranzrm/workspace/MEGA2560_Template/libcore.a(WString.cpp.o)
String::startsWith(String const&, unsigned int) const /home/kranzrm/workspace/MEGA2560_Template/libcore.a(WString.cpp.o)
String::substring(unsigned int) const             /home/kranzrm/workspace/MEGA2560_Template/libcore.a(WString.cpp.o)
String::substring(unsigned int, unsigned int) const /home/kranzrm/workspace/MEGA2560_Template/libcore.a(WString.cpp.o)
String::toInt() const                             /home/kranzrm/workspace/MEGA2560_Template/libcore.a(WString.cpp.o)
String::toLowerCase()                             /home/kranzrm/workspace/MEGA2560_Template/libcore.a(WString.cpp.o)
String::toUpperCase()                             /home/kranzrm/workspace/MEGA2560_Template/libcore.a(WString.cpp.o)
String::trim()                                    /home/kranzrm/workspace/MEGA2560_Template/libcore.a(WString.cpp.o)
String::~String()                                 /home/kranzrm/workspace/MEGA2560_Template/libcore.a(WString.cpp.o)
String::~String()                                 /home/kranzrm/workspace/MEGA2560_Template/libcore.a(WString.cpp.o)
__addsf3                                          /usr/lib/gcc/avr/4.5.3/../../../avr/lib/avr6/libm.a(addsf3.o)
                                                  /home/kranzrm/workspace/MEGA2560_Template/libcore.a(Print.cpp.o)
__addsf3x                                         /usr/lib/gcc/avr/4.5.3/../../../avr/lib/avr6/libm.a(addsf3x.o)
                                                  /usr/lib/gcc/avr/4.5.3/../../../avr/lib/avr6/libm.a(addsf3.o)
__bad_interrupt                                   /usr/lib/gcc/avr/4.5.3/../../../avr/lib/avr6/crtm2560.o
__brkval                                          /usr/lib/gcc/avr/4.5.3/../../../avr/lib/avr6/libc.a(realloc.o)
                                                  /usr/lib/gcc/avr/4.5.3/../../../avr/lib/avr6/libc.a(malloc.o)
__bss_end                                         /usr/lib/gcc/avr/4.5.3/avr6/libgcc.a(_clear_bss.o)
__bss_start                                       /usr/lib/gcc/avr/4.5.3/avr6/libgcc.a(_clear_bss.o)
__cmpsf2                                          /usr/lib/gcc/avr/4.5.3/../../../avr/lib/avr6/libm.a(cmpsf2.o)
__ctors_end                                       /usr/lib/gcc/avr/4.5.3/avr6/libgcc.a(_ctors.o)
__ctors_start                                     /usr/lib/gcc/avr/4.5.3/avr6/libgcc.a(_ctors.o)
__ctype_isfalse                                   /usr/lib/gcc/avr/4.5.3/../../../avr/lib/avr6/libc.a(cty_isfalse.o)
                                                  /usr/lib/gcc/avr/4.5.3/../../../avr/lib/avr6/libc.a(isspace.o)
__ctype_istrue                                    /usr/lib/gcc/avr/4.5.3/../../../avr/lib/avr6/libc.a(cty_isfalse.o)
__cxa_guard_abort                                 /home/kranzrm/workspace/MEGA2560_Template/libcore.a(new.cpp.o)
__cxa_guard_acquire                               /home/kranzrm/workspace/MEGA2560_Template/libcore.a(new.cpp.o)
__cxa_guard_release                               /home/kranzrm/workspace/MEGA2560_Template/libcore.a(new.cpp.o)
__cxa_pure_virtual                                /home/kranzrm/workspace/MEGA2560_Template/libcore.a(new.cpp.o)
                                                  /home/kranzrm/workspace/MEGA2560_Template/libcore.a(HardwareSerial.cpp.o)
                                                  /home/kranzrm/workspace/MEGA2560_Template/libcore.a(Print.cpp.o)
__data_end                                        /usr/lib/gcc/avr/4.5.3/avr6/libgcc.a(_copy_data.o)
__data_load_start                                 /usr/lib/gcc/avr/4.5.3/avr6/libgcc.a(_copy_data.o)
__data_start                                      /usr/lib/gcc/avr/4.5.3/avr6/libgcc.a(_copy_data.o)
__divmodhi4                                       /usr/lib/gcc/avr/4.5.3/avr6/libgcc.a(_divmodhi4.o)
                                                  /home/kranzrm/workspace/MEGA2560_Template/libcore.a(HardwareSerial.cpp.o)
                                                  ./main.o
__divsf3                                          /usr/lib/gcc/avr/4.5.3/../../../avr/lib/avr6/libm.a(divsf3.o)
                                                  /home/kranzrm/workspace/MEGA2560_Template/libcore.a(Print.cpp.o)
__divsf3_pse                                      /usr/lib/gcc/avr/4.5.3/../../../avr/lib/avr6/libm.a(divsf3x.o)
__divsf3x                                         /usr/lib/gcc/avr/4.5.3/../../../avr/lib/avr6/libm.a(divsf3x.o)
                                                  /usr/lib/gcc/avr/4.5.3/../../../avr/lib/avr6/libm.a(divsf3.o)
__do_clear_bss                                    /usr/lib/gcc/avr/4.5.3/avr6/libgcc.a(_clear_bss.o)
                                                  /usr/lib/gcc/avr/4.5.3/../../../avr/lib/avr6/libc.a(malloc.o)
                                                  /home/kranzrm/workspace/MEGA2560_Template/libcore.a(WString.cpp.o)
                                                  /home/kranzrm/workspace/MEGA2560_Template/libcore.a(HardwareSerial.cpp.o)
                                                  /home/kranzrm/workspace/MEGA2560_Template/libcore.a(wiring.c.o)
__do_copy_data                                    /usr/lib/gcc/avr/4.5.3/avr6/libgcc.a(_copy_data.o)
                                                  /usr/lib/gcc/avr/4.5.3/../../../avr/lib/avr6/libc.a(malloc.o)
                                                  /home/kranzrm/workspace/MEGA2560_Template/libcore.a(WString.cpp.o)
                                                  /home/kranzrm/workspace/MEGA2560_Template/libcore.a(HardwareSerial.cpp.o)
                                                  /home/kranzrm/workspace/MEGA2560_Template/libcore.a(Print.cpp.o)
                                                  ./main.o
__do_global_ctors                                 /usr/lib/gcc/avr/4.5.3/avr6/libgcc.a(_ctors.o)
                                                  /home/kranzrm/workspace/MEGA2560_Template/libcore.a(HardwareSerial.cpp.o)
__eqsf2                                           /usr/lib/gcc/avr/4.5.3/../../../avr/lib/avr6/libm.a(cmpsf2.o)
__fixsfsi                                         /usr/lib/gcc/avr/4.5.3/../../../avr/lib/avr6/libm.a(fixsfsi.o)
                                                  /home/kranzrm/workspace/MEGA2560_Template/libcore.a(Print.cpp.o)
__fixunssfsi                                      /usr/lib/gcc/avr/4.5.3/../../../avr/lib/avr6/libm.a(fixunssfsi.o)
                                                  /usr/lib/gcc/avr/4.5.3/../../../avr/lib/avr6/libm.a(fixsfsi.o)
                                                  /home/kranzrm/workspace/MEGA2560_Template/libcore.a(Print.cpp.o)
__floatsisf                                       /usr/lib/gcc/avr/4.5.3/../../../avr/lib/avr6/libm.a(floatsisf.o)
                                                  /home/kranzrm/workspace/MEGA2560_Template/libcore.a(Print.cpp.o)
__floatunsisf                                     /usr/lib/gcc/avr/4.5.3/../../../avr/lib/avr6/libm.a(floatsisf.o)
                                                  /home/kranzrm/workspace/MEGA2560_Template/libcore.a(Print.cpp.o)
__flp                                             /usr/lib/gcc/avr/4.5.3/../../../avr/lib/avr6/libc.a(realloc.o)
                                                  /usr/lib/gcc/avr/4.5.3/../../../avr/lib/avr6/libc.a(malloc.o)
__fp_cmp                                          /usr/lib/gcc/avr/4.5.3/../../../avr/lib/avr6/libm.a(fp_cmp.o)
                                                  /usr/lib/gcc/avr/4.5.3/../../../avr/lib/avr6/libm.a(cmpsf2.o)
__fp_inf                                          /usr/lib/gcc/avr/4.5.3/../../../avr/lib/avr6/libm.a(fp_inf.o)
                                                  /usr/lib/gcc/avr/4.5.3/../../../avr/lib/avr6/libm.a(mulsf3x.o)
                                                  /usr/lib/gcc/avr/4.5.3/../../../avr/lib/avr6/libm.a(divsf3x.o)
                                                  /usr/lib/gcc/avr/4.5.3/../../../avr/lib/avr6/libm.a(addsf3x.o)
__fp_nan                                          /usr/lib/gcc/avr/4.5.3/../../../avr/lib/avr6/libm.a(fp_nan.o)
                                                  /usr/lib/gcc/avr/4.5.3/../../../avr/lib/avr6/libm.a(mulsf3x.o)
                                                  /usr/lib/gcc/avr/4.5.3/../../../avr/lib/avr6/libm.a(divsf3x.o)
                                                  /usr/lib/gcc/avr/4.5.3/../../../avr/lib/avr6/libm.a(addsf3x.o)
__fp_pscA                                         /usr/lib/gcc/avr/4.5.3/../../../avr/lib/avr6/libm.a(fp_pscA.o)
                                                  /usr/lib/gcc/avr/4.5.3/../../../avr/lib/avr6/libm.a(mulsf3x.o)
                                                  /usr/lib/gcc/avr/4.5.3/../../../avr/lib/avr6/libm.a(divsf3x.o)
                                                  /usr/lib/gcc/avr/4.5.3/../../../avr/lib/avr6/libm.a(addsf3x.o)
__fp_pscB                                         /usr/lib/gcc/avr/4.5.3/../../../avr/lib/avr6/libm.a(fp_pscB.o)
                                                  /usr/lib/gcc/avr/4.5.3/../../../avr/lib/avr6/libm.a(mulsf3x.o)
                                                  /usr/lib/gcc/avr/4.5.3/../../../avr/lib/avr6/libm.a(divsf3x.o)
                                                  /usr/lib/gcc/avr/4.5.3/../../../avr/lib/avr6/libm.a(addsf3x.o)
__fp_round                                        /usr/lib/gcc/avr/4.5.3/../../../avr/lib/avr6/libm.a(fp_round.o)
                                                  /usr/lib/gcc/avr/4.5.3/../../../avr/lib/avr6/libm.a(mulsf3.o)
                                                  /usr/lib/gcc/avr/4.5.3/../../../avr/lib/avr6/libm.a(divsf3.o)
                                                  /usr/lib/gcc/avr/4.5.3/../../../avr/lib/avr6/libm.a(addsf3.o)
__fp_split3                                       /usr/lib/gcc/avr/4.5.3/../../../avr/lib/avr6/libm.a(fp_split3.o)
                                                  /usr/lib/gcc/avr/4.5.3/../../../avr/lib/avr6/libm.a(mulsf3x.o)
                                                  /usr/lib/gcc/avr/4.5.3/../../../avr/lib/avr6/libm.a(divsf3x.o)
                                                  /usr/lib/gcc/avr/4.5.3/../../../avr/lib/avr6/libm.a(addsf3x.o)
__fp_splitA                                       /usr/lib/gcc/avr/4.5.3/../../../avr/lib/avr6/libm.a(fp_split3.o)
                                                  /usr/lib/gcc/avr/4.5.3/../../../avr/lib/avr6/libm.a(fixunssfsi.o)
__fp_szero                                        /usr/lib/gcc/avr/4.5.3/../../../avr/lib/avr6/libm.a(fp_zero.o)
                                                  /usr/lib/gcc/avr/4.5.3/../../../avr/lib/avr6/libm.a(mulsf3x.o)
                                                  /usr/lib/gcc/avr/4.5.3/../../../avr/lib/avr6/libm.a(fixsfsi.o)
                                                  /usr/lib/gcc/avr/4.5.3/../../../avr/lib/avr6/libm.a(divsf3x.o)
__fp_zero                                         /usr/lib/gcc/avr/4.5.3/../../../avr/lib/avr6/libm.a(fp_zero.o)
                                                  /usr/lib/gcc/avr/4.5.3/../../../avr/lib/avr6/libm.a(fixunssfsi.o)
                                                  /usr/lib/gcc/avr/4.5.3/../../../avr/lib/avr6/libm.a(addsf3x.o)
__heap_end                                        /usr/lib/gcc/avr/4.5.3/../../../avr/lib/avr6/crtm2560.o
                                                  /usr/lib/gcc/avr/4.5.3/../../../avr/lib/avr6/libc.a(malloc.o)
__heap_start                                      /usr/lib/gcc/avr/4.5.3/../../../avr/lib/avr6/libc.a(malloc.o)
__init                                            /usr/lib/gcc/avr/4.5.3/../../../avr/lib/avr6/crtm2560.o
__lesf2                                           /usr/lib/gcc/avr/4.5.3/../../../avr/lib/avr6/libm.a(cmpsf2.o)
__ltsf2                                           /usr/lib/gcc/avr/4.5.3/../../../avr/lib/avr6/libm.a(cmpsf2.o)
                                                  /home/kranzrm/workspace/MEGA2560_Template/libcore.a(Print.cpp.o)
__malloc_heap_end                                 /usr/lib/gcc/avr/4.5.3/../../../avr/lib/avr6/libc.a(malloc.o)
                                                  /usr/lib/gcc/avr/4.5.3/../../../avr/lib/avr6/libc.a(realloc.o)
__malloc_heap_start                               /usr/lib/gcc/avr/4.5.3/../../../avr/lib/avr6/libc.a(malloc.o)
__malloc_margin                                   /usr/lib/gcc/avr/4.5.3/../../../avr/lib/avr6/libc.a(malloc.o)
                                                  /usr/lib/gcc/avr/4.5.3/../../../avr/lib/avr6/libc.a(realloc.o)
__mulsf3                                          /usr/lib/gcc/avr/4.5.3/../../../avr/lib/avr6/libm.a(mulsf3.o)
                                                  /home/kranzrm/workspace/MEGA2560_Template/libcore.a(Print.cpp.o)
__mulsf3_pse                                      /usr/lib/gcc/avr/4.5.3/../../../avr/lib/avr6/libm.a(mulsf3x.o)
__mulsf3x                                         /usr/lib/gcc/avr/4.5.3/../../../avr/lib/avr6/libm.a(mulsf3x.o)
                                                  /usr/lib/gcc/avr/4.5.3/../../../avr/lib/avr6/libm.a(mulsf3.o)
__mulsi_const_10                                  /usr/lib/gcc/avr/4.5.3/../../../avr/lib/avr6/libc.a(mulsi10.o)
                                                  /usr/lib/gcc/avr/4.5.3/../../../avr/lib/avr6/libc.a(atol.o)
__nesf2                                           /usr/lib/gcc/avr/4.5.3/../../../avr/lib/avr6/libm.a(cmpsf2.o)
__stack                                           /usr/lib/gcc/avr/4.5.3/../../../avr/lib/avr6/crtm2560.o
__subsf3                                          /usr/lib/gcc/avr/4.5.3/../../../avr/lib/avr6/libm.a(addsf3.o)
                                                  /home/kranzrm/workspace/MEGA2560_Template/libcore.a(Print.cpp.o)
__tablejump_elpm__                                /usr/lib/gcc/avr/4.5.3/avr6/libgcc.a(_tablejump_elpm.o)
                                                  /usr/lib/gcc/avr/4.5.3/avr6/libgcc.a(_ctors.o)
__udivmodhi4                                      /usr/lib/gcc/avr/4.5.3/avr6/libgcc.a(_udivmodhi4.o)
                                                  /usr/lib/gcc/avr/4.5.3/../../../avr/lib/avr6/libc.a(utoa.o)
                                                  /usr/lib/gcc/avr/4.5.3/../../../avr/lib/avr6/libc.a(itoa.o)
                                                  /usr/lib/gcc/avr/4.5.3/avr6/libgcc.a(_divmodhi4.o)
__udivmodsi4                                      /usr/lib/gcc/avr/4.5.3/avr6/libgcc.a(_udivmodsi4.o)
                                                  /usr/lib/gcc/avr/4.5.3/../../../avr/lib/avr6/libc.a(ultoa.o)
                                                  /usr/lib/gcc/avr/4.5.3/../../../avr/lib/avr6/libc.a(ltoa.o)
                                                  /home/kranzrm/workspace/MEGA2560_Template/libcore.a(HardwareSerial.cpp.o)
                                                  /home/kranzrm/workspace/MEGA2560_Template/libcore.a(Print.cpp.o)
__vector_1                                        /usr/lib/gcc/avr/4.5.3/../../../avr/lib/avr6/crtm2560.o
__vector_10                                       /usr/lib/gcc/avr/4.5.3/../../../avr/lib/avr6/crtm2560.o
__vector_11                                       /usr/lib/gcc/avr/4.5.3/../../../avr/lib/avr6/crtm2560.o
__vector_12                                       /usr/lib/gcc/avr/4.5.3/../../../avr/lib/avr6/crtm2560.o
__vector_13                                       /usr/lib/gcc/avr/4.5.3/../../../avr/lib/avr6/crtm2560.o
__vector_14                                       /usr/lib/gcc/avr/4.5.3/../../../avr/lib/avr6/crtm2560.o
__vector_15                                       /usr/lib/gcc/avr/4.5.3/../../../avr/lib/avr6/crtm2560.o
__vector_16                                       /usr/lib/gcc/avr/4.5.3/../../../avr/lib/avr6/crtm2560.o
__vector_17                                       /usr/lib/gcc/avr/4.5.3/../../../avr/lib/avr6/crtm2560.o
__vector_18                                       /usr/lib/gcc/avr/4.5.3/../../../avr/lib/avr6/crtm2560.o
__vector_19                                       /usr/lib/gcc/avr/4.5.3/../../../avr/lib/avr6/crtm2560.o
__vector_2                                        /usr/lib/gcc/avr/4.5.3/../../../avr/lib/avr6/crtm2560.o
__vector_20                                       /usr/lib/gcc/avr/4.5.3/../../../avr/lib/avr6/crtm2560.o
__vector_21                                       /usr/lib/gcc/avr/4.5.3/../../../avr/lib/avr6/crtm2560.o
__vector_22                                       /usr/lib/gcc/avr/4.5.3/../../../avr/lib/avr6/crtm2560.o
__vector_23                                       /home/kranzrm/workspace/MEGA2560_Template/libcore.a(wiring.c.o)
                                                  /usr/lib/gcc/avr/4.5.3/../../../avr/lib/avr6/crtm2560.o
__vector_24                                       /usr/lib/gcc/avr/4.5.3/../../../avr/lib/avr6/crtm2560.o
__vector_25                                       /home/kranzrm/workspace/MEGA2560_Template/libcore.a(HardwareSerial.cpp.o)
                                                  /usr/lib/gcc/avr/4.5.3/../../../avr/lib/avr6/crtm2560.o
__vector_26                                       /home/kranzrm/workspace/MEGA2560_Template/libcore.a(HardwareSerial.cpp.o)
                                                  /usr/lib/gcc/avr/4.5.3/../../../avr/lib/avr6/crtm2560.o
__vector_27                                       /usr/lib/gcc/avr/4.5.3/../../../avr/lib/avr6/crtm2560.o
__vector_28                                       /usr/lib/gcc/avr/4.5.3/../../../avr/lib/avr6/crtm2560.o
__vector_29                                       /usr/lib/gcc/avr/4.5.3/../../../avr/lib/avr6/crtm2560.o
__vector_3                                        /usr/lib/gcc/avr/4.5.3/../../../avr/lib/avr6/crtm2560.o
__vector_30                                       /usr/lib/gcc/avr/4.5.3/../../../avr/lib/avr6/crtm2560.o
__vector_31                                       /usr/lib/gcc/avr/4.5.3/../../../avr/lib/avr6/crtm2560.o
__vector_32                                       /usr/lib/gcc/avr/4.5.3/../../../avr/lib/avr6/crtm2560.o
__vector_33                                       /usr/lib/gcc/avr/4.5.3/../../../avr/lib/avr6/crtm2560.o
__vector_34                                       /usr/lib/gcc/avr/4.5.3/../../../avr/lib/avr6/crtm2560.o
__vector_35                                       /usr/lib/gcc/avr/4.5.3/../../../avr/lib/avr6/crtm2560.o
__vector_36                                       /home/kranzrm/workspace/MEGA2560_Template/libcore.a(HardwareSerial.cpp.o)
                                                  /usr/lib/gcc/avr/4.5.3/../../../avr/lib/avr6/crtm2560.o
__vector_37                                       /home/kranzrm/workspace/MEGA2560_Template/libcore.a(HardwareSerial.cpp.o)
                                                  /usr/lib/gcc/avr/4.5.3/../../../avr/lib/avr6/crtm2560.o
__vector_38                                       /usr/lib/gcc/avr/4.5.3/../../../avr/lib/avr6/crtm2560.o
__vector_39                                       /usr/lib/gcc/avr/4.5.3/../../../avr/lib/avr6/crtm2560.o
__vector_4                                        /usr/lib/gcc/avr/4.5.3/../../../avr/lib/avr6/crtm2560.o
__vector_40                                       /usr/lib/gcc/avr/4.5.3/../../../avr/lib/avr6/crtm2560.o
__vector_41                                       /usr/lib/gcc/avr/4.5.3/../../../avr/lib/avr6/crtm2560.o
__vector_42                                       /usr/lib/gcc/avr/4.5.3/../../../avr/lib/avr6/crtm2560.o
__vector_43                                       /usr/lib/gcc/avr/4.5.3/../../../avr/lib/avr6/crtm2560.o
__vector_44                                       /usr/lib/gcc/avr/4.5.3/../../../avr/lib/avr6/crtm2560.o
__vector_45                                       /usr/lib/gcc/avr/4.5.3/../../../avr/lib/avr6/crtm2560.o
__vector_46                                       /usr/lib/gcc/avr/4.5.3/../../../avr/lib/avr6/crtm2560.o
__vector_47                                       /usr/lib/gcc/avr/4.5.3/../../../avr/lib/avr6/crtm2560.o
__vector_48                                       /usr/lib/gcc/avr/4.5.3/../../../avr/lib/avr6/crtm2560.o
__vector_49                                       /usr/lib/gcc/avr/4.5.3/../../../avr/lib/avr6/crtm2560.o
__vector_5                                        /usr/lib/gcc/avr/4.5.3/../../../avr/lib/avr6/crtm2560.o
__vector_50                                       /usr/lib/gcc/avr/4.5.3/../../../avr/lib/avr6/crtm2560.o
__vector_51                                       /home/kranzrm/workspace/MEGA2560_Template/libcore.a(HardwareSerial.cpp.o)
                                                  /usr/lib/gcc/avr/4.5.3/../../../avr/lib/avr6/crtm2560.o
__vector_52                                       /home/kranzrm/workspace/MEGA2560_Template/libcore.a(HardwareSerial.cpp.o)
                                                  /usr/lib/gcc/avr/4.5.3/../../../avr/lib/avr6/crtm2560.o
__vector_53                                       /usr/lib/gcc/avr/4.5.3/../../../avr/lib/avr6/crtm2560.o
__vector_54                                       /home/kranzrm/workspace/MEGA2560_Template/libcore.a(HardwareSerial.cpp.o)
                                                  /usr/lib/gcc/avr/4.5.3/../../../avr/lib/avr6/crtm2560.o
__vector_55                                       /home/kranzrm/workspace/MEGA2560_Template/libcore.a(HardwareSerial.cpp.o)
                                                  /usr/lib/gcc/avr/4.5.3/../../../avr/lib/avr6/crtm2560.o
__vector_56                                       /usr/lib/gcc/avr/4.5.3/../../../avr/lib/avr6/crtm2560.o
__vector_6                                        /usr/lib/gcc/avr/4.5.3/../../../avr/lib/avr6/crtm2560.o
__vector_7                                        /usr/lib/gcc/avr/4.5.3/../../../avr/lib/avr6/crtm2560.o
__vector_8                                        /usr/lib/gcc/avr/4.5.3/../../../avr/lib/avr6/crtm2560.o
__vector_9                                        /usr/lib/gcc/avr/4.5.3/../../../avr/lib/avr6/crtm2560.o
__vector_default                                  /usr/lib/gcc/avr/4.5.3/../../../avr/lib/avr6/crtm2560.o
__vectors                                         /usr/lib/gcc/avr/4.5.3/../../../avr/lib/avr6/crtm2560.o
_div                                              /usr/lib/gcc/avr/4.5.3/avr6/libgcc.a(_divmodhi4.o)
_exit                                             /usr/lib/gcc/avr/4.5.3/avr6/libgcc.a(_exit.o)
atol                                              /usr/lib/gcc/avr/4.5.3/../../../avr/lib/avr6/libc.a(atol.o)
                                                  /home/kranzrm/workspace/MEGA2560_Template/libcore.a(WString.cpp.o)
blink(int, int)                                   ./main.o
delay                                             /home/kranzrm/workspace/MEGA2560_Template/libcore.a(wiring.c.o)
                                                  ./main.o
delayMicroseconds                                 /home/kranzrm/workspace/MEGA2560_Template/libcore.a(wiring.c.o)
digitalRead                                       /home/kranzrm/workspace/MEGA2560_Template/libcore.a(wiring_digital.c.o)
digitalWrite                                      /home/kranzrm/workspace/MEGA2560_Template/libcore.a(wiring_digital.c.o)
                                                  ./main.o
digital_pin_to_bit_mask_PGM                       /home/kranzrm/workspace/MEGA2560_Template/libcore.a(wiring_digital.c.o)
digital_pin_to_port_PGM                           /home/kranzrm/workspace/MEGA2560_Template/libcore.a(wiring_digital.c.o)
digital_pin_to_timer_PGM                          /home/kranzrm/workspace/MEGA2560_Template/libcore.a(wiring_digital.c.o)
exit                                              /usr/lib/gcc/avr/4.5.3/avr6/libgcc.a(_exit.o)
                                                  /usr/lib/gcc/avr/4.5.3/../../../avr/lib/avr6/crtm2560.o
free                                              /usr/lib/gcc/avr/4.5.3/../../../avr/lib/avr6/libc.a(malloc.o)
                                                  /usr/lib/gcc/avr/4.5.3/../../../avr/lib/avr6/libc.a(realloc.o)
                                                  /home/kranzrm/workspace/MEGA2560_Template/libcore.a(WString.cpp.o)
                                                  /home/kranzrm/workspace/MEGA2560_Template/libcore.a(new.cpp.o)
init                                              /home/kranzrm/workspace/MEGA2560_Template/libcore.a(wiring.c.o)
                                                  ./main.o
isspace                                           /usr/lib/gcc/avr/4.5.3/../../../avr/lib/avr6/libc.a(isspace.o)
                                                  /home/kranzrm/workspace/MEGA2560_Template/libcore.a(WString.cpp.o)
itoa                                              /usr/lib/gcc/avr/4.5.3/../../../avr/lib/avr6/libc.a(itoa.o)
                                                  /home/kranzrm/workspace/MEGA2560_Template/libcore.a(WString.cpp.o)
ledPin                                            ./main.o
loop                                              ./main.o
ltoa                                              /usr/lib/gcc/avr/4.5.3/../../../avr/lib/avr6/libc.a(ltoa.o)
                                                  /home/kranzrm/workspace/MEGA2560_Template/libcore.a(WString.cpp.o)
main                                              ./main.o
                                                  /usr/lib/gcc/avr/4.5.3/../../../avr/lib/avr6/crtm2560.o
malloc                                            /usr/lib/gcc/avr/4.5.3/../../../avr/lib/avr6/libc.a(malloc.o)
                                                  /usr/lib/gcc/avr/4.5.3/../../../avr/lib/avr6/libc.a(realloc.o)
                                                  /home/kranzrm/workspace/MEGA2560_Template/libcore.a(new.cpp.o)
memcpy                                            /usr/lib/gcc/avr/4.5.3/../../../avr/lib/avr6/libc.a(memcpy.o)
                                                  /usr/lib/gcc/avr/4.5.3/../../../avr/lib/avr6/libc.a(memmove.o)
                                                  /usr/lib/gcc/avr/4.5.3/../../../avr/lib/avr6/libc.a(realloc.o)
                                                  /home/kranzrm/workspace/MEGA2560_Template/libcore.a(WString.cpp.o)
memmove                                           /usr/lib/gcc/avr/4.5.3/../../../avr/lib/avr6/libc.a(memmove.o)
                                                  /home/kranzrm/workspace/MEGA2560_Template/libcore.a(WString.cpp.o)
micros                                            /home/kranzrm/workspace/MEGA2560_Template/libcore.a(wiring.c.o)
millis                                            /home/kranzrm/workspace/MEGA2560_Template/libcore.a(wiring.c.o)
operator delete(void*)                            /home/kranzrm/workspace/MEGA2560_Template/libcore.a(new.cpp.o)
operator new(unsigned int)                        /home/kranzrm/workspace/MEGA2560_Template/libcore.a(new.cpp.o)
operator+(StringSumHelper const&, String const&)  /home/kranzrm/workspace/MEGA2560_Template/libcore.a(WString.cpp.o)
operator+(StringSumHelper const&, char const*)    /home/kranzrm/workspace/MEGA2560_Template/libcore.a(WString.cpp.o)
operator+(StringSumHelper const&, char)           /home/kranzrm/workspace/MEGA2560_Template/libcore.a(WString.cpp.o)
operator+(StringSumHelper const&, int)            /home/kranzrm/workspace/MEGA2560_Template/libcore.a(WString.cpp.o)
operator+(StringSumHelper const&, long)           /home/kranzrm/workspace/MEGA2560_Template/libcore.a(WString.cpp.o)
operator+(StringSumHelper const&, unsigned char)  /home/kranzrm/workspace/MEGA2560_Template/libcore.a(WString.cpp.o)
operator+(StringSumHelper const&, unsigned int)   /home/kranzrm/workspace/MEGA2560_Template/libcore.a(WString.cpp.o)
operator+(StringSumHelper const&, unsigned long)  /home/kranzrm/workspace/MEGA2560_Template/libcore.a(WString.cpp.o)
pinMode                                           /home/kranzrm/workspace/MEGA2560_Template/libcore.a(wiring_digital.c.o)
                                                  ./main.o
port_to_input_PGM                                 /home/kranzrm/workspace/MEGA2560_Template/libcore.a(wiring_digital.c.o)
port_to_mode_PGM                                  /home/kranzrm/workspace/MEGA2560_Template/libcore.a(wiring_digital.c.o)
port_to_output_PGM                                /home/kranzrm/workspace/MEGA2560_Template/libcore.a(wiring_digital.c.o)
realloc                                           /usr/lib/gcc/avr/4.5.3/../../../avr/lib/avr6/libc.a(realloc.o)
                                                  /home/kranzrm/workspace/MEGA2560_Template/libcore.a(WString.cpp.o)
rx_buffer                                         /home/kranzrm/workspace/MEGA2560_Template/libcore.a(HardwareSerial.cpp.o)
rx_buffer1                                        /home/kranzrm/workspace/MEGA2560_Template/libcore.a(HardwareSerial.cpp.o)
rx_buffer2                                        /home/kranzrm/workspace/MEGA2560_Template/libcore.a(HardwareSerial.cpp.o)
rx_buffer3                                        /home/kranzrm/workspace/MEGA2560_Template/libcore.a(HardwareSerial.cpp.o)
serialEvent()                                     /home/kranzrm/workspace/MEGA2560_Template/libcore.a(HardwareSerial.cpp.o)
serialEvent1()                                    /home/kranzrm/workspace/MEGA2560_Template/libcore.a(HardwareSerial.cpp.o)
serialEvent2()                                    /home/kranzrm/workspace/MEGA2560_Template/libcore.a(HardwareSerial.cpp.o)
serialEvent3()                                    /home/kranzrm/workspace/MEGA2560_Template/libcore.a(HardwareSerial.cpp.o)
serialEventRun()                                  /home/kranzrm/workspace/MEGA2560_Template/libcore.a(HardwareSerial.cpp.o)
setup                                             ./main.o
store_char(unsigned char, ring_buffer*)           /home/kranzrm/workspace/MEGA2560_Template/libcore.a(HardwareSerial.cpp.o)
strchr                                            /usr/lib/gcc/avr/4.5.3/../../../avr/lib/avr6/libc.a(strchr.o)
                                                  /home/kranzrm/workspace/MEGA2560_Template/libcore.a(WString.cpp.o)
strcmp                                            /usr/lib/gcc/avr/4.5.3/../../../avr/lib/avr6/libc.a(strcmp.o)
                                                  /home/kranzrm/workspace/MEGA2560_Template/libcore.a(WString.cpp.o)
strcpy                                            /usr/lib/gcc/avr/4.5.3/../../../avr/lib/avr6/libc.a(strcpy.o)
                                                  /home/kranzrm/workspace/MEGA2560_Template/libcore.a(WString.cpp.o)
strncmp                                           /usr/lib/gcc/avr/4.5.3/../../../avr/lib/avr6/libc.a(strncmp.o)
                                                  /home/kranzrm/workspace/MEGA2560_Template/libcore.a(WString.cpp.o)
strncpy                                           /usr/lib/gcc/avr/4.5.3/../../../avr/lib/avr6/libc.a(strncpy.o)
                                                  /home/kranzrm/workspace/MEGA2560_Template/libcore.a(WString.cpp.o)
strrchr                                           /usr/lib/gcc/avr/4.5.3/../../../avr/lib/avr6/libc.a(strrchr.o)
                                                  /home/kranzrm/workspace/MEGA2560_Template/libcore.a(WString.cpp.o)
strrev                                            /usr/lib/gcc/avr/4.5.3/../../../avr/lib/avr6/libc.a(strrev.o)
                                                  /usr/lib/gcc/avr/4.5.3/../../../avr/lib/avr6/libc.a(utoa.o)
                                                  /usr/lib/gcc/avr/4.5.3/../../../avr/lib/avr6/libc.a(ultoa.o)
                                                  /usr/lib/gcc/avr/4.5.3/../../../avr/lib/avr6/libc.a(ltoa.o)
                                                  /usr/lib/gcc/avr/4.5.3/../../../avr/lib/avr6/libc.a(itoa.o)
strstr                                            /usr/lib/gcc/avr/4.5.3/../../../avr/lib/avr6/libc.a(strstr.o)
                                                  /home/kranzrm/workspace/MEGA2560_Template/libcore.a(WString.cpp.o)
timer0_millis                                     /home/kranzrm/workspace/MEGA2560_Template/libcore.a(wiring.c.o)
timer0_overflow_count                             /home/kranzrm/workspace/MEGA2560_Template/libcore.a(wiring.c.o)
tolower                                           /usr/lib/gcc/avr/4.5.3/../../../avr/lib/avr6/libc.a(tolower.o)
                                                  /home/kranzrm/workspace/MEGA2560_Template/libcore.a(WString.cpp.o)
toupper                                           /usr/lib/gcc/avr/4.5.3/../../../avr/lib/avr6/libc.a(toupper.o)
                                                  /home/kranzrm/workspace/MEGA2560_Template/libcore.a(WString.cpp.o)
tx_buffer                                         /home/kranzrm/workspace/MEGA2560_Template/libcore.a(HardwareSerial.cpp.o)
tx_buffer1                                        /home/kranzrm/workspace/MEGA2560_Template/libcore.a(HardwareSerial.cpp.o)
tx_buffer2                                        /home/kranzrm/workspace/MEGA2560_Template/libcore.a(HardwareSerial.cpp.o)
tx_buffer3                                        /home/kranzrm/workspace/MEGA2560_Template/libcore.a(HardwareSerial.cpp.o)
ultoa                                             /usr/lib/gcc/avr/4.5.3/../../../avr/lib/avr6/libc.a(ultoa.o)
                                                  /home/kranzrm/workspace/MEGA2560_Template/libcore.a(WString.cpp.o)
utoa                                              /usr/lib/gcc/avr/4.5.3/../../../avr/lib/avr6/libc.a(utoa.o)
                                                  /home/kranzrm/workspace/MEGA2560_Template/libcore.a(WString.cpp.o)
vtable for HardwareSerial                         /home/kranzrm/workspace/MEGA2560_Template/libcore.a(HardwareSerial.cpp.o)
vtable for Print                                  /home/kranzrm/workspace/MEGA2560_Template/libcore.a(Print.cpp.o)
vtable for Stream                                 /home/kranzrm/workspace/MEGA2560_Template/libcore.a(HardwareSerial.cpp.o)
